<html>
<body>
<pre>
<h1>µVision Build Log</h1>
<h2>Tool Versions:</h2>
IDE-Version: µVision V5.38.0.0
Copyright (C) 2022 ARM Ltd and ARM Germany GmbH. All rights reserved.
License Information: Nichols a.nichols.taylor@gmail.com, University of Utah, LIC=WC91Y-25TUQ-YZIW0-PDSS6-T85HB-IUFEL
 
Tool Versions:
Toolchain:       MDK-ARM Community  Version: 5.38.0.0
Toolchain Path:  C:\Keil_v5\ARM\ARMCCV503u1\Bin
C Compiler:      Armcc.exe V5.03 [Build 24]
Assembler:       Armasm.exe V5.03.0.24
Linker/Locator:  ArmLink.exe V5.03.0.24
Library Manager: ArmAr.exe V5.03.0.24
Hex Converter:   FromElf.exe V5.03.0.24
CPU DLL:         SARMCM3.DLL V5.38.0.0
Dialog DLL:      DARMCM1.DLL V1.19.6.0
Target DLL:      STLink\ST-LINKIII-KEIL_SWO.dll V3.1.0.0
Dialog DLL:      TARMCM1.DLL V1.14.6.0
 
<h2>Project:</h2>
C:\Users\anich\OneDrive\Desktop\Embedded\ECE5780Project\Rover\MDK-ARM\Rover.uvprojx
Project File Date:  03/18/2023

<h2>Output:</h2>
*** Using Compiler 'V5.03 [Build 24]', folder: 'C:\Keil_v5\ARM\ARMCCV503u1\Bin'
Build target 'Rover'
compiling main.c...
linking...
Program Size: Code=8976 RO-data=300 RW-data=16 ZI-data=1952  
FromELF: creating hex file...
"Rover\Rover.axf" - 0 Error(s), 0 Warning(s).

<h2>Software Packages used:</h2>

Package Vendor: ARM
                http://www.keil.com/pack/ARM.CMSIS.5.9.0.pack
                ARM.CMSIS.5.9.0
                CMSIS (Common Microcontroller Software Interface Standard)
   * Component: CORE Version: 5.6.0

Package Vendor: Keil
                https://www.keil.com/pack/Keil.STM32F0xx_DFP.2.1.1.pack
                Keil.STM32F0xx_DFP.2.1.1
                STMicroelectronics STM32F0 Series Device Support, Drivers and Examples

<h2>Collection of Component include folders:</h2>
  ./RTE/_Rover
  C:/Users/anich/AppData/Local/Arm/Packs/ARM/CMSIS/5.9.0/CMSIS/Core/Include
  C:/Users/anich/AppData/Local/Arm/Packs/Keil/STM32F0xx_DFP/2.1.1/Drivers/CMSIS/Device/ST/STM32F0xx/Include

<h2>Collection of Component Files used:</h2>

   * Component: ARM::CMSIS:CORE:5.6.0
Build Time Elapsed:  00:00:01
</pre>
</body>
</html>
