Component: Arm Compiler for Embedded 6.19 Tool: armlink [5e73cb00]

==============================================================================

Section Cross References

    startup_stm32f072xb.o(STACK) refers (Special) to heapauxi.o(.text) for __use_two_region_memory
    startup_stm32f072xb.o(HEAP) refers (Special) to heapauxi.o(.text) for __use_two_region_memory
    startup_stm32f072xb.o(RESET) refers (Special) to heapauxi.o(.text) for __use_two_region_memory
    startup_stm32f072xb.o(RESET) refers to startup_stm32f072xb.o(STACK) for __initial_sp
    startup_stm32f072xb.o(RESET) refers to startup_stm32f072xb.o(.text) for Reset_Handler
    startup_stm32f072xb.o(RESET) refers to stm32f0xx_it.o(.text.NMI_Handler) for NMI_Handler
    startup_stm32f072xb.o(RESET) refers to stm32f0xx_it.o(.text.HardFault_Handler) for HardFault_Handler
    startup_stm32f072xb.o(RESET) refers to stm32f0xx_it.o(.text.SVC_Handler) for SVC_Handler
    startup_stm32f072xb.o(RESET) refers to stm32f0xx_it.o(.text.PendSV_Handler) for PendSV_Handler
    startup_stm32f072xb.o(RESET) refers to stm32f0xx_it.o(.text.SysTick_Handler) for SysTick_Handler
    startup_stm32f072xb.o(RESET) refers to stm32f0xx_it.o(.text.DMA1_Channel2_3_IRQHandler) for DMA1_Channel2_3_IRQHandler
    startup_stm32f072xb.o(RESET) refers to stm32f0xx_it.o(.text.DMA1_Channel4_5_6_7_IRQHandler) for DMA1_Channel4_5_6_7_IRQHandler
    startup_stm32f072xb.o(RESET) refers to main.o(.text.USART1_IRQHandler) for USART1_IRQHandler
    startup_stm32f072xb.o(.text) refers (Special) to heapauxi.o(.text) for __use_two_region_memory
    startup_stm32f072xb.o(.text) refers to system_stm32f0xx.o(.text.SystemInit) for SystemInit
    startup_stm32f072xb.o(.text) refers to __main.o(!!!main) for __main
    startup_stm32f072xb.o(.text) refers to startup_stm32f072xb.o(HEAP) for Heap_Mem
    startup_stm32f072xb.o(.text) refers to startup_stm32f072xb.o(STACK) for Stack_Mem
    main.o(.ARM.exidx.text.Transmit_Character) refers to main.o(.text.Transmit_Character) for [Anonymous Symbol]
    main.o(.ARM.exidx.text.Transmit_Chars) refers to main.o(.text.Transmit_Chars) for [Anonymous Symbol]
    main.o(.ARM.exidx.text.Transmit_String) refers to main.o(.text.Transmit_String) for [Anonymous Symbol]
    main.o(.text.USART1_IRQHandler) refers to motordriver.o(.text.pwm_setDutyCycle) for pwm_setDutyCycle
    main.o(.text.USART1_IRQHandler) refers to main.o(.bss..L_MergedGlobals) for [Anonymous Symbol]
    main.o(.ARM.exidx.text.USART1_IRQHandler) refers to main.o(.text.USART1_IRQHandler) for [Anonymous Symbol]
    main.o(.text.main) refers to stm32f0xx_hal.o(.text.HAL_Init) for HAL_Init
    main.o(.text.main) refers to rt_memclr.o(.text) for __aeabi_memclr4
    main.o(.text.main) refers to stm32f0xx_hal_rcc.o(.text.HAL_RCC_OscConfig) for HAL_RCC_OscConfig
    main.o(.text.main) refers to stm32f0xx_hal_rcc.o(.text.HAL_RCC_ClockConfig) for HAL_RCC_ClockConfig
    main.o(.text.main) refers to stm32f0xx_hal_rcc_ex.o(.text.HAL_RCCEx_PeriphCLKConfig) for HAL_RCCEx_PeriphCLKConfig
    main.o(.text.main) refers to stm32f0xx_hal_cortex.o(.text.HAL_NVIC_SetPriority) for HAL_NVIC_SetPriority
    main.o(.text.main) refers to stm32f0xx_hal_cortex.o(.text.HAL_NVIC_EnableIRQ) for HAL_NVIC_EnableIRQ
    main.o(.text.main) refers to stm32f0xx_hal_uart.o(.text.HAL_UART_Init) for HAL_UART_Init
    main.o(.text.main) refers to stm32f0xx_hal_spi.o(.text.HAL_SPI_Init) for HAL_SPI_Init
    main.o(.text.main) refers to stm32f0xx_hal_i2c.o(.text.HAL_I2C_Init) for HAL_I2C_Init
    main.o(.text.main) refers to stm32f0xx_hal_i2c_ex.o(.text.HAL_I2CEx_ConfigAnalogFilter) for HAL_I2CEx_ConfigAnalogFilter
    main.o(.text.main) refers to stm32f0xx_hal_i2c_ex.o(.text.HAL_I2CEx_ConfigDigitalFilter) for HAL_I2CEx_ConfigDigitalFilter
    main.o(.text.main) refers to main.o(.bss.huart3) for huart3
    main.o(.text.main) refers to main.o(.bss.hspi2) for hspi2
    main.o(.text.main) refers to main.o(.bss..L_MergedGlobals) for [Anonymous Symbol]
    main.o(.text.main) refers to stm32f0xx_hal_gpio.o(.text.HAL_GPIO_Init) for HAL_GPIO_Init
    main.o(.text.main) refers to stm32f0xx_hal_gpio.o(.text.HAL_GPIO_WritePin) for HAL_GPIO_WritePin
    main.o(.text.main) refers to motordriver.o(.text.motor_init) for motor_init
    main.o(.text.main) refers to stm32f0xx_hal_rcc.o(.text.HAL_RCC_GetHCLKFreq) for HAL_RCC_GetHCLKFreq
    main.o(.text.main) refers to aeabi_sdivfast.o(.text_divfast) for __aeabi_uidiv
    main.o(.text.main) refers to main.o(.data.baudRate) for baudRate
    main.o(.text.main) refers to main.o(.text.bus_write) for bus_write
    main.o(.text.main) refers to main.o(.text.bus_read) for bus_read
    main.o(.text.main) refers to stm32f0xx_hal.o(.text.HAL_Delay) for HAL_Delay
    main.o(.text.main) refers to stm32f0xx_hal_i2c.o(.text.HAL_I2C_Master_Transmit) for HAL_I2C_Master_Transmit
[...]
    Removing stm32f0xx_hal_uart_ex.o(.ARM.exidx.text.HAL_UARTEx_EnableStopMode), (8 bytes).
    Removing stm32f0xx_hal_uart_ex.o(.text.HAL_UARTEx_DisableStopMode), (50 bytes).
    Removing stm32f0xx_hal_uart_ex.o(.ARM.exidx.text.HAL_UARTEx_DisableStopMode), (8 bytes).
    Removing stm32f0xx_hal_uart_ex.o(.text.HAL_UARTEx_ReceiveToIdle), (436 bytes).
    Removing stm32f0xx_hal_uart_ex.o(.ARM.exidx.text.HAL_UARTEx_ReceiveToIdle), (8 bytes).
    Removing stm32f0xx_hal_uart_ex.o(.text.HAL_UARTEx_ReceiveToIdle_IT), (108 bytes).
    Removing stm32f0xx_hal_uart_ex.o(.ARM.exidx.text.HAL_UARTEx_ReceiveToIdle_IT), (8 bytes).
    Removing stm32f0xx_hal_uart_ex.o(.text.HAL_UARTEx_ReceiveToIdle_DMA), (108 bytes).
    Removing stm32f0xx_hal_uart_ex.o(.ARM.exidx.text.HAL_UARTEx_ReceiveToIdle_DMA), (8 bytes).
    Removing stm32f0xx_hal_uart_ex.o(.text.HAL_UARTEx_GetRxEventType), (4 bytes).
    Removing stm32f0xx_hal_uart_ex.o(.ARM.exidx.text.HAL_UARTEx_GetRxEventType), (8 bytes).
    Removing system_stm32f0xx.o(.text), (0 bytes).
    Removing system_stm32f0xx.o(.ARM.exidx.text.SystemInit), (8 bytes).
    Removing system_stm32f0xx.o(.text.SystemCoreClockUpdate), (116 bytes).
    Removing system_stm32f0xx.o(.ARM.exidx.text.SystemCoreClockUpdate), (8 bytes).

710 unused section(s) (total 37252 bytes) removed from the image.

==============================================================================

Image Symbol Table

    Local Symbols

    Symbol Name                              Value     Ov Type        Size  Object(Section)

    ../clib/angel/boardlib.s                 0x00000000   Number         0  boardinit1.o ABSOLUTE
    ../clib/angel/boardlib.s                 0x00000000   Number         0  boardinit2.o ABSOLUTE
    ../clib/angel/boardlib.s                 0x00000000   Number         0  boardinit3.o ABSOLUTE
    ../clib/angel/boardlib.s                 0x00000000   Number         0  boardshut.o ABSOLUTE
    ../clib/angel/handlers.s                 0x00000000   Number         0  __scatter_copy.o ABSOLUTE
    ../clib/angel/handlers.s                 0x00000000   Number         0  __scatter_zi.o ABSOLUTE
    ../clib/angel/kernel.s                   0x00000000   Number         0  __rtentry.o ABSOLUTE
    ../clib/angel/kernel.s                   0x00000000   Number         0  __rtentry2.o ABSOLUTE
    ../clib/angel/kernel.s                   0x00000000   Number         0  __rtentry4.o ABSOLUTE
    ../clib/angel/kernel.s                   0x00000000   Number         0  rtexit.o ABSOLUTE
    ../clib/angel/kernel.s                   0x00000000   Number         0  rtexit2.o ABSOLUTE
    ../clib/angel/rt.s                       0x00000000   Number         0  aeabi_idiv0.o ABSOLUTE
    ../clib/angel/rt.s                       0x00000000   Number         0  aeabi_idiv0_sigfpe.o ABSOLUTE
    ../clib/angel/rt.s                       0x00000000   Number         0  rt_div0.o ABSOLUTE
    ../clib/angel/rt.s                       0x00000000   Number         0  rt_raise.o ABSOLUTE
    ../clib/angel/scatterp.s                 0x00000000   Number         0  __scatter.o ABSOLUTE
    ../clib/angel/startup.s                  0x00000000   Number         0  __main.o ABSOLUTE
    ../clib/angel/sys.s                      0x00000000   Number         0  sys_stackheap_outer.o ABSOLUTE
    ../clib/angel/sys.s                      0x00000000   Number         0  libspace.o ABSOLUTE
    ../clib/angel/sys.s                      0x00000000   Number         0  tempstk.o ABSOLUTE
    ../clib/angel/sys.s                      0x00000000   Number         0  use_no_semi.o ABSOLUTE
    ../clib/angel/sys.s                      0x00000000   Number         0  indicate_semi.o ABSOLUTE
    ../clib/angel/sysapp.c                   0x00000000   Number         0  sys_exit.o ABSOLUTE
    ../clib/angel/sysapp.c                   0x00000000   Number         0  sys_exit_hlt.o ABSOLUTE
    ../clib/angel/sysapp.c                   0x00000000   Number         0  sys_wrch.o ABSOLUTE
    ../clib/angel/sysapp.c                   0x00000000   Number         0  sys_wrch_hlt.o ABSOLUTE
    ../clib/angel/sysapp.c                   0x00000000   Number         0  sys_command.o ABSOLUTE
    ../clib/angel/sysapp.c                   0x00000000   Number         0  sys_command_hlt.o ABSOLUTE
    ../clib/armsys.c                         0x00000000   Number         0  argv_veneer.o ABSOLUTE
    ../clib/armsys.c                         0x00000000   Number         0  _get_argv_nomalloc.o ABSOLUTE
    ../clib/armsys.c                         0x00000000   Number         0  no_argv.o ABSOLUTE
    ../clib/division.s                       0x00000000   Number         0  aeabi_sdivfast.o ABSOLUTE
    ../clib/division.s                       0x00000000   Number         0  aeabi_sdivfast_div0.o ABSOLUTE
    ../clib/heapalloc.c                      0x00000000   Number         0  hrguard.o ABSOLUTE
    ../clib/heapaux.c                        0x00000000   Number         0  heapauxi.o ABSOLUTE
    ../clib/libinit.s                        0x00000000   Number         0  libinit.o ABSOLUTE
    ../clib/libinit.s                        0x00000000   Number         0  libinit2.o ABSOLUTE
    ../clib/libinit.s                        0x00000000   Number         0  libshutdown.o ABSOLUTE
    ../clib/libinit.s                        0x00000000   Number         0  libshutdown2.o ABSOLUTE
    ../clib/longlong.c                       0x00000000   Number         0  llushr.o ABSOLUTE
    ../clib/memcpset.c                       0x00000000   Number         0  rt_memclr.o ABSOLUTE
    ../clib/signal.c                         0x00000000   Number         0  defsig_fpe_outer.o ABSOLUTE
    ../clib/signal.c                         0x00000000   Number         0  defsig_fpe_formal.o ABSOLUTE
    ../clib/signal.c                         0x00000000   Number         0  defsig_exit.o ABSOLUTE
    ../clib/signal.c                         0x00000000   Number         0  defsig_fpe_inner.o ABSOLUTE
    ../clib/signal.c                         0x00000000   Number         0  __raise.o ABSOLUTE
    ../clib/signal.c                         0x00000000   Number         0  defsig_general.o ABSOLUTE
    ../clib/signal.c                         0x00000000   Number         0  defsig_abrt_inner.o ABSOLUTE
    ../clib/signal.c                         0x00000000   Number         0  defsig_rtred_inner.o ABSOLUTE
    ../clib/signal.c                         0x00000000   Number         0  defsig_rtmem_inner.o ABSOLUTE
    ../clib/signal.c                         0x00000000   Number         0  defsig_rtmem_outer.o ABSOLUTE
    ../clib/signal.c                         0x00000000   Number         0  defsig_rtmem_formal.o ABSOLUTE
    ../clib/signal.c                         0x00000000   Number         0  defsig_stak_inner.o ABSOLUTE
    ../clib/signal.c                         0x00000000   Number         0  defsig_pvfn_inner.o ABSOLUTE
    ../clib/signal.c                         0x00000000   Number         0  defsig_cppl_inner.o ABSOLUTE
    ../clib/signal.c                         0x00000000   Number         0  defsig_segv_inner.o ABSOLUTE
    ../clib/signal.c                         0x00000000   Number         0  defsig_other.o ABSOLUTE
    ../clib/signal.s                         0x00000000   Number         0  defsig.o ABSOLUTE
    ../clib/stdlib.c                         0x00000000   Number         0  exit.o ABSOLUTE
    ../fplib/cfplib/fpinit.c                 0x00000000   Number         0  fpinit.o ABSOLUTE
    dc.s                                     0x00000000   Number         0  dc.o ABSOLUTE
    main.c                                   0x00000000   Number         0  main.o ABSOLUTE
    motorDriver.c                            0x00000000   Number         0  motordriver.o ABSOLUTE
    startup_stm32f072xb.s                    0x00000000   Number         0  startup_stm32f072xb.o ABSOLUTE
    stm32f0xx_hal.c                          0x00000000   Number         0  stm32f0xx_hal.o ABSOLUTE
    stm32f0xx_hal_cortex.c                   0x00000000   Number         0  stm32f0xx_hal_cortex.o ABSOLUTE
    stm32f0xx_hal_dma.c                      0x00000000   Number         0  stm32f0xx_hal_dma.o ABSOLUTE
    stm32f0xx_hal_exti.c                     0x00000000   Number         0  stm32f0xx_hal_exti.o ABSOLUTE
    stm32f0xx_hal_flash.c                    0x00000000   Number         0  stm32f0xx_hal_flash.o ABSOLUTE
    stm32f0xx_hal_flash_ex.c                 0x00000000   Number         0  stm32f0xx_hal_flash_ex.o ABSOLUTE
    stm32f0xx_hal_gpio.c                     0x00000000   Number         0  stm32f0xx_hal_gpio.o ABSOLUTE
    stm32f0xx_hal_i2c.c                      0x00000000   Number         0  stm32f0xx_hal_i2c.o ABSOLUTE
    stm32f0xx_hal_i2c_ex.c                   0x00000000   Number         0  stm32f0xx_hal_i2c_ex.o ABSOLUTE
    stm32f0xx_hal_msp.c                      0x00000000   Number         0  stm32f0xx_hal_msp.o ABSOLUTE
    stm32f0xx_hal_pwr.c                      0x00000000   Number         0  stm32f0xx_hal_pwr.o ABSOLUTE
    stm32f0xx_hal_pwr_ex.c                   0x00000000   Number         0  stm32f0xx_hal_pwr_ex.o ABSOLUTE
    stm32f0xx_hal_rcc.c                      0x00000000   Number         0  stm32f0xx_hal_rcc.o ABSOLUTE
    stm32f0xx_hal_rcc_ex.c                   0x00000000   Number         0  stm32f0xx_hal_rcc_ex.o ABSOLUTE
    stm32f0xx_hal_spi.c                      0x00000000   Number         0  stm32f0xx_hal_spi.o ABSOLUTE
    stm32f0xx_hal_spi_ex.c                   0x00000000   Number         0  stm32f0xx_hal_spi_ex.o ABSOLUTE
    stm32f0xx_hal_tim.c                      0x00000000   Number         0  stm32f0xx_hal_tim.o ABSOLUTE
    stm32f0xx_hal_tim_ex.c                   0x00000000   Number         0  stm32f0xx_hal_tim_ex.o ABSOLUTE
    stm32f0xx_hal_uart.c                     0x00000000   Number         0  stm32f0xx_hal_uart.o ABSOLUTE
    stm32f0xx_hal_uart_ex.c                  0x00000000   Number         0  stm32f0xx_hal_uart_ex.o ABSOLUTE
    stm32f0xx_it.c                           0x00000000   Number         0  stm32f0xx_it.o ABSOLUTE
    system_stm32f0xx.c                       0x00000000   Number         0  system_stm32f0xx.o ABSOLUTE
    RESET                                    0x08000000   Section      192  startup_stm32f072xb.o(RESET)
    !!!main                                  0x080000c0   Section        8  __main.o(!!!main)
    !!!scatter                               0x080000c8   Section       60  __scatter.o(!!!scatter)
    !!handler_copy                           0x08000104   Section       26  __scatter_copy.o(!!handler_copy)
    !!handler_zi                             0x08000120   Section       28  __scatter_zi.o(!!handler_zi)
    .ARM.Collect$$libinit$$00000000          0x0800013c   Section        2  libinit.o(.ARM.Collect$$libinit$$00000000)
    .ARM.Collect$$libinit$$00000002          0x0800013e   Section        0  libinit2.o(.ARM.Collect$$libinit$$00000002)
    .ARM.Collect$$libinit$$00000004          0x0800013e   Section        0  libinit2.o(.ARM.Collect$$libinit$$00000004)
    .ARM.Collect$$libinit$$00000006          0x0800013e   Section        0  libinit2.o(.ARM.Collect$$libinit$$00000006)
    .ARM.Collect$$libinit$$0000000C          0x0800013e   Section        0  libinit2.o(.ARM.Collect$$libinit$$0000000C)
    .ARM.Collect$$libinit$$0000000E          0x0800013e   Section        0  libinit2.o(.ARM.Collect$$libinit$$0000000E)
    .ARM.Collect$$libinit$$00000010          0x0800013e   Section        0  libinit2.o(.ARM.Collect$$libinit$$00000010)
    .ARM.Collect$$libinit$$00000013          0x0800013e   Section        0  libinit2.o(.ARM.Collect$$libinit$$00000013)
    .ARM.Collect$$libinit$$00000015          0x0800013e   Section        0  libinit2.o(.ARM.Collect$$libinit$$00000015)
    .ARM.Collect$$libinit$$00000017          0x0800013e   Section        0  libinit2.o(.ARM.Collect$$libinit$$00000017)
    .ARM.Collect$$libinit$$00000019          0x0800013e   Section        0  libinit2.o(.ARM.Collect$$libinit$$00000019)
    .ARM.Collect$$libinit$$0000001B          0x0800013e   Section        0  libinit2.o(.ARM.Collect$$libinit$$0000001B)
    .ARM.Collect$$libinit$$0000001D          0x0800013e   Section        0  libinit2.o(.ARM.Collect$$libinit$$0000001D)
    .ARM.Collect$$libinit$$0000001F          0x0800013e   Section        0  libinit2.o(.ARM.Collect$$libinit$$0000001F)
    .ARM.Collect$$libinit$$00000021          0x0800013e   Section        0  libinit2.o(.ARM.Collect$$libinit$$00000021)
    .ARM.Collect$$libinit$$00000023          0x0800013e   Section        0  libinit2.o(.ARM.Collect$$libinit$$00000023)
    .ARM.Collect$$libinit$$00000025          0x0800013e   Section        0  libinit2.o(.ARM.Collect$$libinit$$00000025)
    .ARM.Collect$$libinit$$00000027          0x0800013e   Section        0  libinit2.o(.ARM.Collect$$libinit$$00000027)
    .ARM.Collect$$libinit$$0000002E          0x0800013e   Section        0  libinit2.o(.ARM.Collect$$libinit$$0000002E)
    .ARM.Collect$$libinit$$00000030          0x0800013e   Section        0  libinit2.o(.ARM.Collect$$libinit$$00000030)
    .ARM.Collect$$libinit$$00000032          0x0800013e   Section        0  libinit2.o(.ARM.Collect$$libinit$$00000032)
    .ARM.Collect$$libinit$$00000034          0x0800013e   Section        0  libinit2.o(.ARM.Collect$$libinit$$00000034)
    .ARM.Collect$$libinit$$00000035          0x0800013e   Section        2  libinit2.o(.ARM.Collect$$libinit$$00000035)
    .ARM.Collect$$libshutdown$$00000000      0x08000140   Section        2  libshutdown.o(.ARM.Collect$$libshutdown$$00000000)
    .ARM.Collect$$libshutdown$$00000002      0x08000142   Section        0  libshutdown2.o(.ARM.Collect$$libshutdown$$00000002)
    .ARM.Collect$$libshutdown$$00000004      0x08000142   Section        0  libshutdown2.o(.ARM.Collect$$libshutdown$$00000004)
    .ARM.Collect$$libshutdown$$00000007      0x08000142   Section        0  libshutdown2.o(.ARM.Collect$$libshutdown$$00000007)
    .ARM.Collect$$libshutdown$$0000000A      0x08000142   Section        0  libshutdown2.o(.ARM.Collect$$libshutdown$$0000000A)
    .ARM.Collect$$libshutdown$$0000000C      0x08000142   Section        0  libshutdown2.o(.ARM.Collect$$libshutdown$$0000000C)
    .ARM.Collect$$libshutdown$$0000000F      0x08000142   Section        0  libshutdown2.o(.ARM.Collect$$libshutdown$$0000000F)
    .ARM.Collect$$libshutdown$$00000010      0x08000142   Section        2  libshutdown2.o(.ARM.Collect$$libshutdown$$00000010)
    .ARM.Collect$$rtentry$$00000000          0x08000144   Section        0  __rtentry.o(.ARM.Collect$$rtentry$$00000000)
    .ARM.Collect$$rtentry$$00000002          0x08000144   Section        0  __rtentry2.o(.ARM.Collect$$rtentry$$00000002)
    .ARM.Collect$$rtentry$$00000004          0x08000144   Section        6  __rtentry4.o(.ARM.Collect$$rtentry$$00000004)
    .ARM.Collect$$rtentry$$00000009          0x0800014a   Section        0  __rtentry2.o(.ARM.Collect$$rtentry$$00000009)
    .ARM.Collect$$rtentry$$0000000A          0x0800014a   Section        4  __rtentry2.o(.ARM.Collect$$rtentry$$0000000A)
    .ARM.Collect$$rtentry$$0000000C          0x0800014e   Section        0  __rtentry2.o(.ARM.Collect$$rtentry$$0000000C)
    .ARM.Collect$$rtentry$$0000000D          0x0800014e   Section        8  __rtentry2.o(.ARM.Collect$$rtentry$$0000000D)
    .ARM.Collect$$rtexit$$00000000           0x08000156   Section        2  rtexit.o(.ARM.Collect$$rtexit$$00000000)
    .ARM.Collect$$rtexit$$00000002           0x08000158   Section        0  rtexit2.o(.ARM.Collect$$rtexit$$00000002)
    .ARM.Collect$$rtexit$$00000003           0x08000158   Section        4  rtexit2.o(.ARM.Collect$$rtexit$$00000003)
    .ARM.Collect$$rtexit$$00000004           0x0800015c   Section        6  rtexit2.o(.ARM.Collect$$rtexit$$00000004)
    .text                                    0x08000164   Section       56  startup_stm32f072xb.o(.text)
    .text                                    0x0800019c   Section        0  rt_memclr.o(.text)
    .text                                    0x080001dc   Section        0  heapauxi.o(.text)
    .text                                    0x080001e2   Section       62  sys_stackheap_outer.o(.text)
    .text                                    0x08000220   Section        0  exit.o(.text)
    .text                                    0x08000230   Section        8  libspace.o(.text)
    .text                                    0x08000238   Section        0  sys_exit.o(.text)
    .text                                    0x08000244   Section        2  use_no_semi.o(.text)
    .text                                    0x08000246   Section        0  indicate_semi.o(.text)
    [Anonymous Symbol]                       0x08000248   Section        0  stm32f0xx_it.o(.text.DMA1_Channel2_3_IRQHandler)
    __arm_cp.5_1                             0x08000274   Number         4  stm32f0xx_it.o(.text.DMA1_Channel2_3_IRQHandler)
    __arm_cp.5_2                             0x08000278   Number         4  stm32f0xx_it.o(.text.DMA1_Channel2_3_IRQHandler)
    __arm_cp.5_3                             0x0800027c   Number         4  stm32f0xx_it.o(.text.DMA1_Channel2_3_IRQHandler)
    __arm_cp.5_4                             0x08000280   Number         4  stm32f0xx_it.o(.text.DMA1_Channel2_3_IRQHandler)
    [Anonymous Symbol]                       0x08000284   Section        0  stm32f0xx_it.o(.text.DMA1_Channel4_5_6_7_IRQHandler)
    __arm_cp.6_1                             0x080002b0   Number         4  stm32f0xx_it.o(.text.DMA1_Channel4_5_6_7_IRQHandler)
    __arm_cp.6_2                             0x080002b4   Number         4  stm32f0xx_it.o(.text.DMA1_Channel4_5_6_7_IRQHandler)
    __arm_cp.6_3                             0x080002b8   Number         4  stm32f0xx_it.o(.text.DMA1_Channel4_5_6_7_IRQHandler)
    [Anonymous Symbol]                       0x080002bc   Section        0  main.o(.text.Error_Handler)
    [Anonymous Symbol]                       0x080002c4   Section        0  stm32f0xx_hal_dma.o(.text.HAL_DMA_IRQHandler)
    [Anonymous Symbol]                       0x0800038c   Section        0  stm32f0xx_hal_dma.o(.text.HAL_DMA_Init)
    __arm_cp.0_0                             0x080003fc   Number         4  stm32f0xx_hal_dma.o(.text.HAL_DMA_Init)
    __arm_cp.0_1                             0x08000400   Number         4  stm32f0xx_hal_dma.o(.text.HAL_DMA_Init)
    __arm_cp.0_2                             0x08000404   Number         4  stm32f0xx_hal_dma.o(.text.HAL_DMA_Init)
    [Anonymous Symbol]                       0x08000408   Section        0  stm32f0xx_hal_dma.o(.text.HAL_DMA_Start_IT)
    [Anonymous Symbol]                       0x0800048c   Section        0  stm32f0xx_hal.o(.text.HAL_Delay)
    __arm_cp.10_0                            0x080004ac   Number         4  stm32f0xx_hal.o(.text.HAL_Delay)
    [Anonymous Symbol]                       0x080004b0   Section        0  stm32f0xx_hal_gpio.o(.text.HAL_GPIO_Init)
    __arm_cp.0_0                             0x08000638   Number         4  stm32f0xx_hal_gpio.o(.text.HAL_GPIO_Init)
    __arm_cp.0_1                             0x0800063c   Number         4  stm32f0xx_hal_gpio.o(.text.HAL_GPIO_Init)
    __arm_cp.0_2                             0x08000640   Number         4  stm32f0xx_hal_gpio.o(.text.HAL_GPIO_Init)
    __arm_cp.0_3                             0x08000644   Number         4  stm32f0xx_hal_gpio.o(.text.HAL_GPIO_Init)
    [Anonymous Symbol]                       0x08000648   Section        0  stm32f0xx_hal_gpio.o(.text.HAL_GPIO_WritePin)
    [Anonymous Symbol]                       0x08000658   Section        0  stm32f0xx_hal.o(.text.HAL_GetTick)
    __arm_cp.6_0                             0x08000660   Number         4  stm32f0xx_hal.o(.text.HAL_GetTick)
    [Anonymous Symbol]                       0x08000664   Section        0  stm32f0xx_hal_i2c_ex.o(.text.HAL_I2CEx_ConfigAnalogFilter)
    [Anonymous Symbol]                       0x080006a6   Section        0  stm32f0xx_hal_i2c_ex.o(.text.HAL_I2CEx_ConfigDigitalFilter)
    [Anonymous Symbol]                       0x080006e8   Section        0  stm32f0xx_hal_i2c.o(.text.HAL_I2C_Init)
    __arm_cp.0_0                             0x08000788   Number         4  stm32f0xx_hal_i2c.o(.text.HAL_I2C_Init)
    __arm_cp.0_1                             0x0800078c   Number         4  stm32f0xx_hal_i2c.o(.text.HAL_I2C_Init)
    [Anonymous Symbol]                       0x08000790   Section        0  stm32f0xx_hal_i2c.o(.text.HAL_I2C_Master_Receive)
    __arm_cp.8_2                             0x08000910   Number         4  stm32f0xx_hal_i2c.o(.text.HAL_I2C_Master_Receive)
    __arm_cp.8_3                             0x08000914   Number         4  stm32f0xx_hal_i2c.o(.text.HAL_I2C_Master_Receive)
    [Anonymous Symbol]                       0x08000918   Section        0  stm32f0xx_hal_i2c.o(.text.HAL_I2C_Master_Transmit)
    __arm_cp.4_0                             0x08000a98   Number         4  stm32f0xx_hal_i2c.o(.text.HAL_I2C_Master_Transmit)
    __arm_cp.4_1                             0x08000a9c   Number         4  stm32f0xx_hal_i2c.o(.text.HAL_I2C_Master_Transmit)
    __arm_cp.4_2                             0x08000aa0   Number         4  stm32f0xx_hal_i2c.o(.text.HAL_I2C_Master_Transmit)
    __arm_cp.4_3                             0x08000aa4   Number         4  stm32f0xx_hal_i2c.o(.text.HAL_I2C_Master_Transmit)
    __arm_cp.4_4                             0x08000aa8   Number         4  stm32f0xx_hal_i2c.o(.text.HAL_I2C_Master_Transmit)
    __arm_cp.4_5                             0x08000aac   Number         4  stm32f0xx_hal_i2c.o(.text.HAL_I2C_Master_Transmit)
    __arm_cp.4_6                             0x08000ab0   Number         4  stm32f0xx_hal_i2c.o(.text.HAL_I2C_Master_Transmit)
    [Anonymous Symbol]                       0x08000ab4   Section        0  stm32f0xx_hal_msp.o(.text.HAL_I2C_MspInit)
    __arm_cp.1_0                             0x08000b08   Number         4  stm32f0xx_hal_msp.o(.text.HAL_I2C_MspInit)
    __arm_cp.1_1                             0x08000b0c   Number         4  stm32f0xx_hal_msp.o(.text.HAL_I2C_MspInit)
    __arm_cp.1_2                             0x08000b10   Number         4  stm32f0xx_hal_msp.o(.text.HAL_I2C_MspInit)
    [Anonymous Symbol]                       0x08000b14   Section        0  stm32f0xx_hal.o(.text.HAL_IncTick)
    __arm_cp.5_1                             0x08000b24   Number         4  stm32f0xx_hal.o(.text.HAL_IncTick)
    [Anonymous Symbol]                       0x08000b28   Section        0  stm32f0xx_hal.o(.text.HAL_Init)
    [Anonymous Symbol]                       0x08000b44   Section        0  stm32f0xx_hal.o(.text.HAL_InitTick)
    __arm_cp.1_0                             0x08000b80   Number         4  stm32f0xx_hal.o(.text.HAL_InitTick)
    [Anonymous Symbol]                       0x08000b84   Section        0  stm32f0xx_hal_msp.o(.text.HAL_MspInit)
    __arm_cp.0_0                             0x08000bac   Number         4  stm32f0xx_hal_msp.o(.text.HAL_MspInit)
    [Anonymous Symbol]                       0x08000bb0   Section        0  stm32f0xx_hal_cortex.o(.text.HAL_NVIC_EnableIRQ)
    __arm_cp.1_0                             0x08000bc4   Number         4  stm32f0xx_hal_cortex.o(.text.HAL_NVIC_EnableIRQ)
    [Anonymous Symbol]                       0x08000bc8   Section        0  stm32f0xx_hal_cortex.o(.text.HAL_NVIC_SetPriority)
    __arm_cp.0_0                             0x08000bf8   Number         4  stm32f0xx_hal_cortex.o(.text.HAL_NVIC_SetPriority)
    __arm_cp.0_1                             0x08000bfc   Number         4  stm32f0xx_hal_cortex.o(.text.HAL_NVIC_SetPriority)
    [Anonymous Symbol]                       0x08000c00   Section        0  stm32f0xx_hal_rcc_ex.o(.text.HAL_RCCEx_PeriphCLKConfig)
    __arm_cp.0_0                             0x08000d3c   Number         4  stm32f0xx_hal_rcc_ex.o(.text.HAL_RCCEx_PeriphCLKConfig)
    __arm_cp.0_1                             0x08000d40   Number         4  stm32f0xx_hal_rcc_ex.o(.text.HAL_RCCEx_PeriphCLKConfig)
    __arm_cp.0_2                             0x08000d44   Number         4  stm32f0xx_hal_rcc_ex.o(.text.HAL_RCCEx_PeriphCLKConfig)
    [Anonymous Symbol]                       0x08000d48   Section        0  stm32f0xx_hal_rcc.o(.text.HAL_RCC_ClockConfig)
    __arm_cp.2_0                             0x08000ea0   Number         4  stm32f0xx_hal_rcc.o(.text.HAL_RCC_ClockConfig)
    __arm_cp.2_2                             0x08000ea4   Number         4  stm32f0xx_hal_rcc.o(.text.HAL_RCC_ClockConfig)
    __arm_cp.2_7                             0x08000ea8   Number         4  stm32f0xx_hal_rcc.o(.text.HAL_RCC_ClockConfig)
    [Anonymous Symbol]                       0x08000eac   Section        0  stm32f0xx_hal_rcc.o(.text.HAL_RCC_GetHCLKFreq)
    [Anonymous Symbol]                       0x08000eb4   Section        0  stm32f0xx_hal_rcc.o(.text.HAL_RCC_GetPCLK1Freq)
    __arm_cp.8_0                             0x08000ec8   Number         4  stm32f0xx_hal_rcc.o(.text.HAL_RCC_GetPCLK1Freq)
    __arm_cp.8_2                             0x08000ecc   Number         4  stm32f0xx_hal_rcc.o(.text.HAL_RCC_GetPCLK1Freq)
    [Anonymous Symbol]                       0x08000ed0   Section        0  stm32f0xx_hal_rcc.o(.text.HAL_RCC_GetSysClockFreq)
    __arm_cp.3_0                             0x08000f24   Number         4  stm32f0xx_hal_rcc.o(.text.HAL_RCC_GetSysClockFreq)
    __arm_cp.3_1                             0x08000f28   Number         4  stm32f0xx_hal_rcc.o(.text.HAL_RCC_GetSysClockFreq)
    __arm_cp.3_2                             0x08000f2c   Number         4  stm32f0xx_hal_rcc.o(.text.HAL_RCC_GetSysClockFreq)
    __arm_cp.3_3                             0x08000f30   Number         4  stm32f0xx_hal_rcc.o(.text.HAL_RCC_GetSysClockFreq)
    __arm_cp.3_4                             0x08000f34   Number         4  stm32f0xx_hal_rcc.o(.text.HAL_RCC_GetSysClockFreq)
    [Anonymous Symbol]                       0x08000f38   Section        0  stm32f0xx_hal_rcc.o(.text.HAL_RCC_OscConfig)
    __arm_cp.1_4                             0x08001334   Number         4  stm32f0xx_hal_rcc.o(.text.HAL_RCC_OscConfig)
    __arm_cp.1_1                             0x080013d8   Number         4  stm32f0xx_hal_rcc.o(.text.HAL_RCC_OscConfig)
    __arm_cp.1_2                             0x080013dc   Number         4  stm32f0xx_hal_rcc.o(.text.HAL_RCC_OscConfig)
    [Anonymous Symbol]                       0x080013e0   Section        0  stm32f0xx_hal_spi.o(.text.HAL_SPI_ErrorCallback)
    [Anonymous Symbol]                       0x080013e4   Section        0  stm32f0xx_hal_spi.o(.text.HAL_SPI_Init)
    [Anonymous Symbol]                       0x080014dc   Section        0  stm32f0xx_hal_msp.o(.text.HAL_SPI_MspInit)
    __arm_cp.3_0                             0x080015d0   Number         4  stm32f0xx_hal_msp.o(.text.HAL_SPI_MspInit)
    __arm_cp.3_1                             0x080015d4   Number         4  stm32f0xx_hal_msp.o(.text.HAL_SPI_MspInit)
    __arm_cp.3_2                             0x080015d8   Number         4  stm32f0xx_hal_msp.o(.text.HAL_SPI_MspInit)
    __arm_cp.3_3                             0x080015dc   Number         4  stm32f0xx_hal_msp.o(.text.HAL_SPI_MspInit)
    __arm_cp.3_4                             0x080015e0   Number         4  stm32f0xx_hal_msp.o(.text.HAL_SPI_MspInit)
    __arm_cp.3_5                             0x080015e4   Number         4  stm32f0xx_hal_msp.o(.text.HAL_SPI_MspInit)
    __arm_cp.3_6                             0x080015e8   Number         4  stm32f0xx_hal_msp.o(.text.HAL_SPI_MspInit)
    [Anonymous Symbol]                       0x080015ec   Section        0  stm32f0xx_hal_spi.o(.text.HAL_SPI_Receive_DMA)
    __arm_cp.22_0                            0x08001724   Number         4  stm32f0xx_hal_spi.o(.text.HAL_SPI_Receive_DMA)
    __arm_cp.22_1                            0x08001728   Number         4  stm32f0xx_hal_spi.o(.text.HAL_SPI_Receive_DMA)
    __arm_cp.22_2                            0x0800172c   Number         4  stm32f0xx_hal_spi.o(.text.HAL_SPI_Receive_DMA)
    __arm_cp.22_3                            0x08001730   Number         4  stm32f0xx_hal_spi.o(.text.HAL_SPI_Receive_DMA)
    __arm_cp.22_4                            0x08001734   Number         4  stm32f0xx_hal_spi.o(.text.HAL_SPI_Receive_DMA)
    [Anonymous Symbol]                       0x08001738   Section        0  stm32f0xx_hal_spi.o(.text.HAL_SPI_RxCpltCallback)
    [Anonymous Symbol]                       0x0800173a   Section        0  stm32f0xx_hal_spi.o(.text.HAL_SPI_RxHalfCpltCallback)
    [Anonymous Symbol]                       0x0800173c   Section        0  stm32f0xx_hal_spi.o(.text.HAL_SPI_TransmitReceive)
    __arm_cp.6_0                             0x08001a34   Number         4  stm32f0xx_hal_spi.o(.text.HAL_SPI_TransmitReceive)
    [Anonymous Symbol]                       0x08001a38   Section        0  stm32f0xx_hal_spi.o(.text.HAL_SPI_TransmitReceive_DMA)
    __arm_cp.23_0                            0x08001bd8   Number         4  stm32f0xx_hal_spi.o(.text.HAL_SPI_TransmitReceive_DMA)
    __arm_cp.23_1                            0x08001bdc   Number         4  stm32f0xx_hal_spi.o(.text.HAL_SPI_TransmitReceive_DMA)
    __arm_cp.23_2                            0x08001be0   Number         4  stm32f0xx_hal_spi.o(.text.HAL_SPI_TransmitReceive_DMA)
    __arm_cp.23_3                            0x08001be4   Number         4  stm32f0xx_hal_spi.o(.text.HAL_SPI_TransmitReceive_DMA)
    __arm_cp.23_4                            0x08001be8   Number         4  stm32f0xx_hal_spi.o(.text.HAL_SPI_TransmitReceive_DMA)
    __arm_cp.23_5                            0x08001bec   Number         4  stm32f0xx_hal_spi.o(.text.HAL_SPI_TransmitReceive_DMA)
    [Anonymous Symbol]                       0x08001bf0   Section        0  stm32f0xx_hal_spi.o(.text.HAL_SPI_TxRxCpltCallback)
    [Anonymous Symbol]                       0x08001bf2   Section        0  stm32f0xx_hal_spi.o(.text.HAL_SPI_TxRxHalfCpltCallback)
    [Anonymous Symbol]                       0x08001bf4   Section        0  stm32f0xx_hal_cortex.o(.text.HAL_SYSTICK_Config)
    __arm_cp.4_0                             0x08001c1c   Number         4  stm32f0xx_hal_cortex.o(.text.HAL_SYSTICK_Config)
    __arm_cp.4_1                             0x08001c20   Number         4  stm32f0xx_hal_cortex.o(.text.HAL_SYSTICK_Config)
    __arm_cp.4_2                             0x08001c24   Number         4  stm32f0xx_hal_cortex.o(.text.HAL_SYSTICK_Config)
    [Anonymous Symbol]                       0x08001c28   Section        0  stm32f0xx_hal_uart.o(.text.HAL_UART_ErrorCallback)
    [Anonymous Symbol]                       0x08001c2a   Section        0  stm32f0xx_hal_uart.o(.text.HAL_UART_Init)
    [Anonymous Symbol]                       0x08001c94   Section        0  stm32f0xx_hal_msp.o(.text.HAL_UART_MspInit)
    __arm_cp.5_0                             0x08001d20   Number         4  stm32f0xx_hal_msp.o(.text.HAL_UART_MspInit)
    __arm_cp.5_1                             0x08001d24   Number         4  stm32f0xx_hal_msp.o(.text.HAL_UART_MspInit)
    __arm_cp.5_2                             0x08001d28   Number         4  stm32f0xx_hal_msp.o(.text.HAL_UART_MspInit)
    __arm_cp.5_3                             0x08001d2c   Number         4  stm32f0xx_hal_msp.o(.text.HAL_UART_MspInit)
    __arm_cp.5_4                             0x08001d30   Number         4  stm32f0xx_hal_msp.o(.text.HAL_UART_MspInit)
    __arm_cp.5_5                             0x08001d34   Number         4  stm32f0xx_hal_msp.o(.text.HAL_UART_MspInit)
    [Anonymous Symbol]                       0x08001d38   Section        0  stm32f0xx_hal_uart.o(.text.HAL_UART_Transmit_DMA)
    __arm_cp.18_0                            0x08001ddc   Number         4  stm32f0xx_hal_uart.o(.text.HAL_UART_Transmit_DMA)
    __arm_cp.18_1                            0x08001de0   Number         4  stm32f0xx_hal_uart.o(.text.HAL_UART_Transmit_DMA)
    __arm_cp.18_2                            0x08001de4   Number         4  stm32f0xx_hal_uart.o(.text.HAL_UART_Transmit_DMA)
    [Anonymous Symbol]                       0x08001de8   Section        0  stm32f0xx_hal_uart.o(.text.HAL_UART_TxCpltCallback)
    [Anonymous Symbol]                       0x08001dea   Section        0  stm32f0xx_hal_uart.o(.text.HAL_UART_TxHalfCpltCallback)
    [Anonymous Symbol]                       0x08001dec   Section        0  stm32f0xx_it.o(.text.HardFault_Handler)
    I2C_IsErrorOccurred                      0x08001df1   Thumb Code   380  stm32f0xx_hal_i2c.o(.text.I2C_IsErrorOccurred)
    [Anonymous Symbol]                       0x08001df0   Section        0  stm32f0xx_hal_i2c.o(.text.I2C_IsErrorOccurred)
    I2C_WaitOnFlagUntilTimeout               0x08001f6d   Thumb Code   222  stm32f0xx_hal_i2c.o(.text.I2C_WaitOnFlagUntilTimeout)
    [Anonymous Symbol]                       0x08001f6c   Section        0  stm32f0xx_hal_i2c.o(.text.I2C_WaitOnFlagUntilTimeout)
    I2C_WaitOnRXNEFlagUntilTimeout           0x0800204d   Thumb Code   216  stm32f0xx_hal_i2c.o(.text.I2C_WaitOnRXNEFlagUntilTimeout)
    [Anonymous Symbol]                       0x0800204c   Section        0  stm32f0xx_hal_i2c.o(.text.I2C_WaitOnRXNEFlagUntilTimeout)
    __arm_cp.9_0                             0x08002124   Number         4  stm32f0xx_hal_i2c.o(.text.I2C_WaitOnRXNEFlagUntilTimeout)
    I2C_WaitOnSTOPFlagUntilTimeout           0x08002129   Thumb Code   134  stm32f0xx_hal_i2c.o(.text.I2C_WaitOnSTOPFlagUntilTimeout)
    [Anonymous Symbol]                       0x08002128   Section        0  stm32f0xx_hal_i2c.o(.text.I2C_WaitOnSTOPFlagUntilTimeout)
    I2C_WaitOnTXISFlagUntilTimeout           0x080021af   Thumb Code   166  stm32f0xx_hal_i2c.o(.text.I2C_WaitOnTXISFlagUntilTimeout)
    [Anonymous Symbol]                       0x080021ae   Section        0  stm32f0xx_hal_i2c.o(.text.I2C_WaitOnTXISFlagUntilTimeout)
    [Anonymous Symbol]                       0x08002254   Section        0  stm32f0xx_it.o(.text.NMI_Handler)
    [Anonymous Symbol]                       0x08002256   Section        0  stm32f0xx_it.o(.text.PendSV_Handler)
    SPI_DMAError                             0x08002259   Thumb Code    34  stm32f0xx_hal_spi.o(.text.SPI_DMAError)
    [Anonymous Symbol]                       0x08002258   Section        0  stm32f0xx_hal_spi.o(.text.SPI_DMAError)
    SPI_DMAHalfReceiveCplt                   0x0800227b   Thumb Code    10  stm32f0xx_hal_spi.o(.text.SPI_DMAHalfReceiveCplt)
    [Anonymous Symbol]                       0x0800227a   Section        0  stm32f0xx_hal_spi.o(.text.SPI_DMAHalfReceiveCplt)
    SPI_DMAHalfTransmitReceiveCplt           0x08002285   Thumb Code    10  stm32f0xx_hal_spi.o(.text.SPI_DMAHalfTransmitReceiveCplt)
    [Anonymous Symbol]                       0x08002284   Section        0  stm32f0xx_hal_spi.o(.text.SPI_DMAHalfTransmitReceiveCplt)
    SPI_DMAReceiveCplt                       0x0800228f   Thumb Code   198  stm32f0xx_hal_spi.o(.text.SPI_DMAReceiveCplt)
    [Anonymous Symbol]                       0x0800228e   Section        0  stm32f0xx_hal_spi.o(.text.SPI_DMAReceiveCplt)
    SPI_DMATransmitReceiveCplt               0x08002355   Thumb Code   146  stm32f0xx_hal_spi.o(.text.SPI_DMATransmitReceiveCplt)
    [Anonymous Symbol]                       0x08002354   Section        0  stm32f0xx_hal_spi.o(.text.SPI_DMATransmitReceiveCplt)
    SPI_WaitFifoStateUntilTimeout            0x080023e9   Thumb Code   352  stm32f0xx_hal_spi.o(.text.SPI_WaitFifoStateUntilTimeout)
    [Anonymous Symbol]                       0x080023e8   Section        0  stm32f0xx_hal_spi.o(.text.SPI_WaitFifoStateUntilTimeout)
    SPI_WaitFlagStateUntilTimeout            0x08002549   Thumb Code   204  stm32f0xx_hal_spi.o(.text.SPI_WaitFlagStateUntilTimeout)
    [Anonymous Symbol]                       0x08002548   Section        0  stm32f0xx_hal_spi.o(.text.SPI_WaitFlagStateUntilTimeout)
    __arm_cp.32_0                            0x08002614   Number         4  stm32f0xx_hal_spi.o(.text.SPI_WaitFlagStateUntilTimeout)
    [Anonymous Symbol]                       0x08002618   Section        0  stm32f0xx_it.o(.text.SVC_Handler)
    [Anonymous Symbol]                       0x0800261a   Section        0  stm32f0xx_it.o(.text.SysTick_Handler)
    [Anonymous Symbol]                       0x08002622   Section        0  system_stm32f0xx.o(.text.SystemInit)
    [Anonymous Symbol]                       0x08002624   Section        0  stm32f0xx_hal_uart.o(.text.UART_AdvFeatureConfig)
    [Anonymous Symbol]                       0x080026f8   Section        0  stm32f0xx_hal_uart.o(.text.UART_CheckIdleState)
    __arm_cp.4_0                             0x080027b8   Number         4  stm32f0xx_hal_uart.o(.text.UART_CheckIdleState)
    UART_DMAError                            0x080027bd   Thumb Code   178  stm32f0xx_hal_uart.o(.text.UART_DMAError)
    [Anonymous Symbol]                       0x080027bc   Section        0  stm32f0xx_hal_uart.o(.text.UART_DMAError)
    UART_DMATransmitCplt                     0x0800286f   Thumb Code    72  stm32f0xx_hal_uart.o(.text.UART_DMATransmitCplt)
    [Anonymous Symbol]                       0x0800286e   Section        0  stm32f0xx_hal_uart.o(.text.UART_DMATransmitCplt)
    UART_DMATxHalfCplt                       0x080028b7   Thumb Code    10  stm32f0xx_hal_uart.o(.text.UART_DMATxHalfCplt)
    [Anonymous Symbol]                       0x080028b6   Section        0  stm32f0xx_hal_uart.o(.text.UART_DMATxHalfCplt)
    [Anonymous Symbol]                       0x080028c0   Section        0  stm32f0xx_hal_uart.o(.text.UART_SetConfig)
    __arm_cp.2_0                             0x080029ec   Number         4  stm32f0xx_hal_uart.o(.text.UART_SetConfig)
    __arm_cp.2_1                             0x080029f0   Number         4  stm32f0xx_hal_uart.o(.text.UART_SetConfig)
    __arm_cp.2_2                             0x080029f4   Number         4  stm32f0xx_hal_uart.o(.text.UART_SetConfig)
    __arm_cp.2_3                             0x080029f8   Number         4  stm32f0xx_hal_uart.o(.text.UART_SetConfig)
    __arm_cp.2_4                             0x080029fc   Number         4  stm32f0xx_hal_uart.o(.text.UART_SetConfig)
    __arm_cp.2_5                             0x08002a00   Number         4  stm32f0xx_hal_uart.o(.text.UART_SetConfig)
    __arm_cp.2_6                             0x08002a04   Number         4  stm32f0xx_hal_uart.o(.text.UART_SetConfig)
    __arm_cp.2_7                             0x08002a08   Number         4  stm32f0xx_hal_uart.o(.text.UART_SetConfig)
    __arm_cp.2_8                             0x08002a0c   Number         4  stm32f0xx_hal_uart.o(.text.UART_SetConfig)
    __arm_cp.2_9                             0x08002a10   Number         4  stm32f0xx_hal_uart.o(.text.UART_SetConfig)
    [Anonymous Symbol]                       0x08002a14   Section        0  stm32f0xx_hal_uart.o(.text.UART_WaitOnFlagUntilTimeout)
    [Anonymous Symbol]                       0x08002bb8   Section        0  main.o(.text.USART1_IRQHandler)
    __arm_cp.3_0                             0x08002c50   Number         4  main.o(.text.USART1_IRQHandler)
    __arm_cp.3_1                             0x08002c54   Number         4  main.o(.text.USART1_IRQHandler)
    [Anonymous Symbol]                       0x08002c58   Section        0  main.o(.text.bus_read)
    [Anonymous Symbol]                       0x08002d2c   Section        0  main.o(.text.bus_write)
    __arm_cp.9_0                             0x08002e00   Number         4  main.o(.text.bus_write)
    [Anonymous Symbol]                       0x08002e04   Section        0  main.o(.text.main)
    __arm_cp.4_23                            0x08002fc8   Number         4  main.o(.text.main)
    __arm_cp.4_25                            0x08002fd0   Number         4  main.o(.text.main)
    __arm_cp.4_26                            0x08002fd4   Number         4  main.o(.text.main)
    __arm_cp.4_28                            0x08003324   Number         4  main.o(.text.main)
    __arm_cp.4_29                            0x08003328   Number         4  main.o(.text.main)
    __arm_cp.4_30                            0x0800332c   Number         4  main.o(.text.main)
    __arm_cp.4_32                            0x08003344   Number         4  main.o(.text.main)
    __arm_cp.4_33                            0x08003348   Number         4  main.o(.text.main)
    __arm_cp.4_34                            0x0800438c   Number         4  main.o(.text.main)
    __arm_cp.4_35                            0x08004390   Number         4  main.o(.text.main)
    __arm_cp.4_1                             0x08005318   Number         4  main.o(.text.main)
    __arm_cp.4_2                             0x0800531c   Number         4  main.o(.text.main)
    __arm_cp.4_3                             0x08005320   Number         4  main.o(.text.main)
    __arm_cp.4_5                             0x08005324   Number         4  main.o(.text.main)
    __arm_cp.4_16                            0x08005328   Number         4  main.o(.text.main)
    __arm_cp.4_17                            0x0800532c   Number         4  main.o(.text.main)
    __arm_cp.4_18                            0x08005330   Number         4  main.o(.text.main)
    [Anonymous Symbol]                       0x08005334   Section        0  motordriver.o(.text.motor_init)
    [Anonymous Symbol]                       0x0800533c   Section        0  motordriver.o(.text.pwm_init)
    __arm_cp.1_18                            0x0800573c   Number         4  motordriver.o(.text.pwm_init)
    __arm_cp.1_19                            0x08005740   Number         4  motordriver.o(.text.pwm_init)
    __arm_cp.1_21                            0x08005748   Number         4  motordriver.o(.text.pwm_init)
    __arm_cp.1_2                             0x080058a0   Number         4  motordriver.o(.text.pwm_init)
    __arm_cp.1_4                             0x080058a4   Number         4  motordriver.o(.text.pwm_init)
    __arm_cp.1_5                             0x080058a8   Number         4  motordriver.o(.text.pwm_init)
    __arm_cp.1_6                             0x080058ac   Number         4  motordriver.o(.text.pwm_init)
    __arm_cp.1_7                             0x080058b0   Number         4  motordriver.o(.text.pwm_init)
    __arm_cp.1_8                             0x080058b4   Number         4  motordriver.o(.text.pwm_init)
    __arm_cp.1_9                             0x080058b8   Number         4  motordriver.o(.text.pwm_init)
    __arm_cp.1_10                            0x080058bc   Number         4  motordriver.o(.text.pwm_init)
    __arm_cp.1_11                            0x080058c0   Number         4  motordriver.o(.text.pwm_init)
    __arm_cp.1_12                            0x080058c4   Number         4  motordriver.o(.text.pwm_init)
    __arm_cp.1_13                            0x080058c8   Number         4  motordriver.o(.text.pwm_init)
    __arm_cp.1_14                            0x080058cc   Number         4  motordriver.o(.text.pwm_init)
    __arm_cp.1_15                            0x080058d0   Number         4  motordriver.o(.text.pwm_init)
    __arm_cp.1_16                            0x080058d4   Number         4  motordriver.o(.text.pwm_init)
    __arm_cp.1_17                            0x080058d8   Number         4  motordriver.o(.text.pwm_init)
    [Anonymous Symbol]                       0x080058dc   Section        0  motordriver.o(.text.pwm_setDutyCycle)
    __arm_cp.2_0                             0x08005968   Number         4  motordriver.o(.text.pwm_setDutyCycle)
    __arm_cp.2_1                             0x0800596c   Number         4  motordriver.o(.text.pwm_setDutyCycle)
    .text_divfast                            0x08005970   Section      502  aeabi_sdivfast.o(.text_divfast)
    HAL_RCC_GetSysClockFreq.aPLLMULFactorTable 0x08005d4c   Data          16  stm32f0xx_hal_rcc.o(.rodata.cst16)
    [Anonymous Symbol]                       0x08005d4c   Section        0  stm32f0xx_hal_rcc.o(.rodata.cst16)
    HAL_RCC_GetSysClockFreq.aPredivFactorTable 0x08005d5c   Data          16  stm32f0xx_hal_rcc.o(.rodata.cst16)
    [Anonymous Symbol]                       0x08005d6c   Section        0  stm32f0xx_hal_uart.o(.rodata.cst16)
    [Anonymous Symbol]                       0x20000000   Section        0  stm32f0xx_hal.o(.data..L_MergedGlobals)
    .bss                                     0x20000010   Section       96  libspace.o(.bss)
    [Anonymous Symbol]                       0x20000070   Section        0  main.o(.bss..L_MergedGlobals)
    Heap_Mem                                 0x20002268   Data         512  startup_stm32f072xb.o(HEAP)
    HEAP                                     0x20002268   Section      512  startup_stm32f072xb.o(HEAP)
    Stack_Mem                                0x20002468   Data        1024  startup_stm32f072xb.o(STACK)
    STACK                                    0x20002468   Section     1024  startup_stm32f072xb.o(STACK)
    __initial_sp                             0x20002868   Data           0  startup_stm32f072xb.o(STACK)

    Global Symbols

    Symbol Name                              Value     Ov Type        Size  Object(Section)

    BuildAttributes$$THM_ISAv3M$S$PE$A:L22$X:L11$S22$IEEE1$IW$~IW$USESV6$~STKCKD$USESV7$~SHL$OTIME$ROPI$EBA8$UX$STANDARDLIB$REQ8$PRES8$EABIv2 0x00000000   Number         0  anon$$obj.o ABSOLUTE
    __ARM_exceptions_init                     - Undefined Weak Reference
    __alloca_initialize                       - Undefined Weak Reference
    __arm_preinit_                            - Undefined Weak Reference
    __arm_relocate_pie_                       - Undefined Weak Reference
    __cpp_initialize__aeabi_                  - Undefined Weak Reference
    __cxa_finalize                            - Undefined Weak Reference
    __rt_locale                               - Undefined Weak Reference
    __sigvec_lookup                           - Undefined Weak Reference
    _atexit_init                              - Undefined Weak Reference
    _call_atexit_fns                          - Undefined Weak Reference
    _clock_init                               - Undefined Weak Reference
    _fp_trap_init                             - Undefined Weak Reference
    _fp_trap_shutdown                         - Undefined Weak Reference
    _get_lc_collate                           - Undefined Weak Reference
    _get_lc_ctype                             - Undefined Weak Reference
    _get_lc_monetary                          - Undefined Weak Reference
    _get_lc_numeric                           - Undefined Weak Reference
    _get_lc_time                              - Undefined Weak Reference
    _getenv_init                              - Undefined Weak Reference
    _handle_redirection                       - Undefined Weak Reference
    _init_alloc                               - Undefined Weak Reference
    _init_user_alloc                          - Undefined Weak Reference
    _initio                                   - Undefined Weak Reference
    _rand_init                                - Undefined Weak Reference
    _signal_finish                            - Undefined Weak Reference
    _signal_init                              - Undefined Weak Reference
    _terminate_alloc                          - Undefined Weak Reference
    _terminate_user_alloc                     - Undefined Weak Reference
    _terminateio                              - Undefined Weak Reference
    __Vectors_Size                           0x000000c0   Number         0  startup_stm32f072xb.o ABSOLUTE
    __Vectors                                0x08000000   Data           4  startup_stm32f072xb.o(RESET)
    __Vectors_End                            0x080000c0   Data           0  startup_stm32f072xb.o(RESET)
    __main                                   0x080000c1   Thumb Code     8  __main.o(!!!main)
    __scatterload                            0x080000c9   Thumb Code     0  __scatter.o(!!!scatter)
    __scatterload_rt2                        0x080000c9   Thumb Code    52  __scatter.o(!!!scatter)
    __scatterload_rt2_thumb_only             0x080000c9   Thumb Code     0  __scatter.o(!!!scatter)
    __scatterload_null                       0x080000d9   Thumb Code     0  __scatter.o(!!!scatter)
    __scatterload_copy                       0x08000105   Thumb Code    26  __scatter_copy.o(!!handler_copy)
    __scatterload_zeroinit                   0x08000121   Thumb Code    28  __scatter_zi.o(!!handler_zi)
    __rt_lib_init                            0x0800013d   Thumb Code     0  libinit.o(.ARM.Collect$$libinit$$00000000)
    __rt_lib_init_alloca_1                   0x0800013f   Thumb Code     0  libinit2.o(.ARM.Collect$$libinit$$00000030)
    __rt_lib_init_argv_1                     0x0800013f   Thumb Code     0  libinit2.o(.ARM.Collect$$libinit$$0000002E)
    __rt_lib_init_atexit_1                   0x0800013f   Thumb Code     0  libinit2.o(.ARM.Collect$$libinit$$0000001D)
    __rt_lib_init_clock_1                    0x0800013f   Thumb Code     0  libinit2.o(.ARM.Collect$$libinit$$00000023)
    __rt_lib_init_cpp_1                      0x0800013f   Thumb Code     0  libinit2.o(.ARM.Collect$$libinit$$00000034)
    __rt_lib_init_exceptions_1               0x0800013f   Thumb Code     0  libinit2.o(.ARM.Collect$$libinit$$00000032)
    __rt_lib_init_fp_1                       0x0800013f   Thumb Code     0  libinit2.o(.ARM.Collect$$libinit$$00000002)
    __rt_lib_init_fp_trap_1                  0x0800013f   Thumb Code     0  libinit2.o(.ARM.Collect$$libinit$$00000021)
    __rt_lib_init_getenv_1                   0x0800013f   Thumb Code     0  libinit2.o(.ARM.Collect$$libinit$$00000025)
    __rt_lib_init_heap_1                     0x0800013f   Thumb Code     0  libinit2.o(.ARM.Collect$$libinit$$0000000C)
    __rt_lib_init_lc_collate_1               0x0800013f   Thumb Code     0  libinit2.o(.ARM.Collect$$libinit$$00000013)
    __rt_lib_init_lc_ctype_1                 0x0800013f   Thumb Code     0  libinit2.o(.ARM.Collect$$libinit$$00000015)
    __rt_lib_init_lc_monetary_1              0x0800013f   Thumb Code     0  libinit2.o(.ARM.Collect$$libinit$$00000017)
    __rt_lib_init_lc_numeric_1               0x0800013f   Thumb Code     0  libinit2.o(.ARM.Collect$$libinit$$00000019)
    __rt_lib_init_lc_time_1                  0x0800013f   Thumb Code     0  libinit2.o(.ARM.Collect$$libinit$$0000001B)
    __rt_lib_init_preinit_1                  0x0800013f   Thumb Code     0  libinit2.o(.ARM.Collect$$libinit$$00000006)
    __rt_lib_init_rand_1                     0x0800013f   Thumb Code     0  libinit2.o(.ARM.Collect$$libinit$$00000010)
    __rt_lib_init_relocate_pie_1             0x0800013f   Thumb Code     0  libinit2.o(.ARM.Collect$$libinit$$00000004)
    __rt_lib_init_return                     0x0800013f   Thumb Code     0  libinit2.o(.ARM.Collect$$libinit$$00000035)
    __rt_lib_init_signal_1                   0x0800013f   Thumb Code     0  libinit2.o(.ARM.Collect$$libinit$$0000001F)
    __rt_lib_init_stdio_1                    0x0800013f   Thumb Code     0  libinit2.o(.ARM.Collect$$libinit$$00000027)
    __rt_lib_init_user_alloc_1               0x0800013f   Thumb Code     0  libinit2.o(.ARM.Collect$$libinit$$0000000E)
    __rt_lib_shutdown                        0x08000141   Thumb Code     0  libshutdown.o(.ARM.Collect$$libshutdown$$00000000)
    __rt_lib_shutdown_cpp_1                  0x08000143   Thumb Code     0  libshutdown2.o(.ARM.Collect$$libshutdown$$00000002)
    __rt_lib_shutdown_fp_trap_1              0x08000143   Thumb Code     0  libshutdown2.o(.ARM.Collect$$libshutdown$$00000007)
    __rt_lib_shutdown_heap_1                 0x08000143   Thumb Code     0  libshutdown2.o(.ARM.Collect$$libshutdown$$0000000F)
    __rt_lib_shutdown_return                 0x08000143   Thumb Code     0  libshutdown2.o(.ARM.Collect$$libshutdown$$00000010)
    __rt_lib_shutdown_signal_1               0x08000143   Thumb Code     0  libshutdown2.o(.ARM.Collect$$libshutdown$$0000000A)
    __rt_lib_shutdown_stdio_1                0x08000143   Thumb Code     0  libshutdown2.o(.ARM.Collect$$libshutdown$$00000004)
    __rt_lib_shutdown_user_alloc_1           0x08000143   Thumb Code     0  libshutdown2.o(.ARM.Collect$$libshutdown$$0000000C)
    __rt_entry                               0x08000145   Thumb Code     0  __rtentry.o(.ARM.Collect$$rtentry$$00000000)
    __rt_entry_presh_1                       0x08000145   Thumb Code     0  __rtentry2.o(.ARM.Collect$$rtentry$$00000002)
    __rt_entry_sh                            0x08000145   Thumb Code     0  __rtentry4.o(.ARM.Collect$$rtentry$$00000004)
    __rt_entry_li                            0x0800014b   Thumb Code     0  __rtentry2.o(.ARM.Collect$$rtentry$$0000000A)
    __rt_entry_postsh_1                      0x0800014b   Thumb Code     0  __rtentry2.o(.ARM.Collect$$rtentry$$00000009)
    __rt_entry_main                          0x0800014f   Thumb Code     0  __rtentry2.o(.ARM.Collect$$rtentry$$0000000D)
    __rt_entry_postli_1                      0x0800014f   Thumb Code     0  __rtentry2.o(.ARM.Collect$$rtentry$$0000000C)
    __rt_exit                                0x08000157   Thumb Code     0  rtexit.o(.ARM.Collect$$rtexit$$00000000)
    __rt_exit_ls                             0x08000159   Thumb Code     0  rtexit2.o(.ARM.Collect$$rtexit$$00000003)
    __rt_exit_prels_1                        0x08000159   Thumb Code     0  rtexit2.o(.ARM.Collect$$rtexit$$00000002)
    __rt_exit_exit                           0x0800015d   Thumb Code     0  rtexit2.o(.ARM.Collect$$rtexit$$00000004)
    Reset_Handler                            0x08000165   Thumb Code     8  startup_stm32f072xb.o(.text)
    ADC1_COMP_IRQHandler                     0x08000177   Thumb Code     0  startup_stm32f072xb.o(.text)
    CEC_CAN_IRQHandler                       0x08000177   Thumb Code     0  startup_stm32f072xb.o(.text)
    DMA1_Channel1_IRQHandler                 0x08000177   Thumb Code     0  startup_stm32f072xb.o(.text)
    EXTI0_1_IRQHandler                       0x08000177   Thumb Code     0  startup_stm32f072xb.o(.text)
    EXTI2_3_IRQHandler                       0x08000177   Thumb Code     0  startup_stm32f072xb.o(.text)
    EXTI4_15_IRQHandler                      0x08000177   Thumb Code     0  startup_stm32f072xb.o(.text)
    FLASH_IRQHandler                         0x08000177   Thumb Code     0  startup_stm32f072xb.o(.text)
    I2C1_IRQHandler                          0x08000177   Thumb Code     0  startup_stm32f072xb.o(.text)
    I2C2_IRQHandler                          0x08000177   Thumb Code     0  startup_stm32f072xb.o(.text)
    PVD_VDDIO2_IRQHandler                    0x08000177   Thumb Code     0  startup_stm32f072xb.o(.text)
    RCC_CRS_IRQHandler                       0x08000177   Thumb Code     0  startup_stm32f072xb.o(.text)
    RTC_IRQHandler                           0x08000177   Thumb Code     0  startup_stm32f072xb.o(.text)
    SPI1_IRQHandler                          0x08000177   Thumb Code     0  startup_stm32f072xb.o(.text)
    SPI2_IRQHandler                          0x08000177   Thumb Code     0  startup_stm32f072xb.o(.text)
    TIM14_IRQHandler                         0x08000177   Thumb Code     0  startup_stm32f072xb.o(.text)
    TIM15_IRQHandler                         0x08000177   Thumb Code     0  startup_stm32f072xb.o(.text)
    TIM16_IRQHandler                         0x08000177   Thumb Code     0  startup_stm32f072xb.o(.text)
    TIM17_IRQHandler                         0x08000177   Thumb Code     0  startup_stm32f072xb.o(.text)
    TIM1_BRK_UP_TRG_COM_IRQHandler           0x08000177   Thumb Code     0  startup_stm32f072xb.o(.text)
    TIM1_CC_IRQHandler                       0x08000177   Thumb Code     0  startup_stm32f072xb.o(.text)
    TIM2_IRQHandler                          0x08000177   Thumb Code     0  startup_stm32f072xb.o(.text)
    TIM3_IRQHandler                          0x08000177   Thumb Code     0  startup_stm32f072xb.o(.text)
    TIM6_DAC_IRQHandler                      0x08000177   Thumb Code     0  startup_stm32f072xb.o(.text)
    TIM7_IRQHandler                          0x08000177   Thumb Code     0  startup_stm32f072xb.o(.text)
    TSC_IRQHandler                           0x08000177   Thumb Code     0  startup_stm32f072xb.o(.text)
    USART2_IRQHandler                        0x08000177   Thumb Code     0  startup_stm32f072xb.o(.text)
    USART3_4_IRQHandler                      0x08000177   Thumb Code     0  startup_stm32f072xb.o(.text)
    USB_IRQHandler                           0x08000177   Thumb Code     0  startup_stm32f072xb.o(.text)
    WWDG_IRQHandler                          0x08000177   Thumb Code     0  startup_stm32f072xb.o(.text)
    __user_initial_stackheap                 0x08000179   Thumb Code     0  startup_stm32f072xb.o(.text)
    _memset_w                                0x0800019d   Thumb Code    26  rt_memclr.o(.text)
    _memset                                  0x080001b7   Thumb Code    30  rt_memclr.o(.text)
    __aeabi_memclr                           0x080001d5   Thumb Code     4  rt_memclr.o(.text)
    __rt_memclr                              0x080001d5   Thumb Code     0  rt_memclr.o(.text)
    __aeabi_memclr4                          0x080001d9   Thumb Code     0  rt_memclr.o(.text)
    __aeabi_memclr8                          0x080001d9   Thumb Code     0  rt_memclr.o(.text)
    __rt_memclr_w                            0x080001d9   Thumb Code     4  rt_memclr.o(.text)
    __use_two_region_memory                  0x080001dd   Thumb Code     2  heapauxi.o(.text)
    __rt_heap_escrow$2region                 0x080001df   Thumb Code     2  heapauxi.o(.text)
    __rt_heap_expand$2region                 0x080001e1   Thumb Code     2  heapauxi.o(.text)
    __user_setup_stackheap                   0x080001e3   Thumb Code    62  sys_stackheap_outer.o(.text)
    exit                                     0x08000221   Thumb Code    16  exit.o(.text)
    __user_libspace                          0x08000231   Thumb Code     8  libspace.o(.text)
    __user_perproc_libspace                  0x08000231   Thumb Code     0  libspace.o(.text)
    __user_perthread_libspace                0x08000231   Thumb Code     0  libspace.o(.text)
    _sys_exit                                0x08000239   Thumb Code     8  sys_exit.o(.text)
    __I$use$semihosting                      0x08000245   Thumb Code     0  use_no_semi.o(.text)
    __use_no_semihosting_swi                 0x08000245   Thumb Code     2  use_no_semi.o(.text)
    __semihosting_library_function           0x08000247   Thumb Code     0  indicate_semi.o(.text)
    DMA1_Channel2_3_IRQHandler               0x08000249   Thumb Code    44  stm32f0xx_it.o(.text.DMA1_Channel2_3_IRQHandler)
    DMA1_Channel4_5_6_7_IRQHandler           0x08000285   Thumb Code    44  stm32f0xx_it.o(.text.DMA1_Channel4_5_6_7_IRQHandler)
    Error_Handler                            0x080002bd   Thumb Code     8  main.o(.text.Error_Handler)
    HAL_DMA_IRQHandler                       0x080002c5   Thumb Code   200  stm32f0xx_hal_dma.o(.text.HAL_DMA_IRQHandler)
    HAL_DMA_Init                             0x0800038d   Thumb Code   112  stm32f0xx_hal_dma.o(.text.HAL_DMA_Init)
    HAL_DMA_Start_IT                         0x08000409   Thumb Code   130  stm32f0xx_hal_dma.o(.text.HAL_DMA_Start_IT)
    HAL_Delay                                0x0800048d   Thumb Code    32  stm32f0xx_hal.o(.text.HAL_Delay)
    HAL_GPIO_Init                            0x080004b1   Thumb Code   392  stm32f0xx_hal_gpio.o(.text.HAL_GPIO_Init)
    HAL_GPIO_WritePin                        0x08000649   Thumb Code    16  stm32f0xx_hal_gpio.o(.text.HAL_GPIO_WritePin)
    HAL_GetTick                              0x08000659   Thumb Code     8  stm32f0xx_hal.o(.text.HAL_GetTick)
    HAL_I2CEx_ConfigAnalogFilter             0x08000665   Thumb Code    66  stm32f0xx_hal_i2c_ex.o(.text.HAL_I2CEx_ConfigAnalogFilter)
    HAL_I2CEx_ConfigDigitalFilter            0x080006a7   Thumb Code    66  stm32f0xx_hal_i2c_ex.o(.text.HAL_I2CEx_ConfigDigitalFilter)
    HAL_I2C_Init                             0x080006e9   Thumb Code   160  stm32f0xx_hal_i2c.o(.text.HAL_I2C_Init)
    HAL_I2C_Master_Receive                   0x08000791   Thumb Code   384  stm32f0xx_hal_i2c.o(.text.HAL_I2C_Master_Receive)
    HAL_I2C_Master_Transmit                  0x08000919   Thumb Code   384  stm32f0xx_hal_i2c.o(.text.HAL_I2C_Master_Transmit)
    HAL_I2C_MspInit                          0x08000ab5   Thumb Code    84  stm32f0xx_hal_msp.o(.text.HAL_I2C_MspInit)
    HAL_IncTick                              0x08000b15   Thumb Code    16  stm32f0xx_hal.o(.text.HAL_IncTick)
    HAL_Init                                 0x08000b29   Thumb Code    28  stm32f0xx_hal.o(.text.HAL_Init)
    HAL_InitTick                             0x08000b45   Thumb Code    60  stm32f0xx_hal.o(.text.HAL_InitTick)
    HAL_MspInit                              0x08000b85   Thumb Code    40  stm32f0xx_hal_msp.o(.text.HAL_MspInit)
    HAL_NVIC_EnableIRQ                       0x08000bb1   Thumb Code    20  stm32f0xx_hal_cortex.o(.text.HAL_NVIC_EnableIRQ)
    HAL_NVIC_SetPriority                     0x08000bc9   Thumb Code    48  stm32f0xx_hal_cortex.o(.text.HAL_NVIC_SetPriority)
    HAL_RCCEx_PeriphCLKConfig                0x08000c01   Thumb Code   316  stm32f0xx_hal_rcc_ex.o(.text.HAL_RCCEx_PeriphCLKConfig)
    HAL_RCC_ClockConfig                      0x08000d49   Thumb Code   344  stm32f0xx_hal_rcc.o(.text.HAL_RCC_ClockConfig)
    HAL_RCC_GetHCLKFreq                      0x08000ead   Thumb Code     8  stm32f0xx_hal_rcc.o(.text.HAL_RCC_GetHCLKFreq)
    HAL_RCC_GetPCLK1Freq                     0x08000eb5   Thumb Code    20  stm32f0xx_hal_rcc.o(.text.HAL_RCC_GetPCLK1Freq)
    HAL_RCC_GetSysClockFreq                  0x08000ed1   Thumb Code    84  stm32f0xx_hal_rcc.o(.text.HAL_RCC_GetSysClockFreq)
    HAL_RCC_OscConfig                        0x08000f39   Thumb Code  1184  stm32f0xx_hal_rcc.o(.text.HAL_RCC_OscConfig)
    HAL_SPI_ErrorCallback                    0x080013e1   Thumb Code     2  stm32f0xx_hal_spi.o(.text.HAL_SPI_ErrorCallback)
    HAL_SPI_Init                             0x080013e5   Thumb Code   248  stm32f0xx_hal_spi.o(.text.HAL_SPI_Init)
    HAL_SPI_MspInit                          0x080014dd   Thumb Code   244  stm32f0xx_hal_msp.o(.text.HAL_SPI_MspInit)
    HAL_SPI_Receive_DMA                      0x080015ed   Thumb Code   312  stm32f0xx_hal_spi.o(.text.HAL_SPI_Receive_DMA)
    HAL_SPI_RxCpltCallback                   0x08001739   Thumb Code     2  stm32f0xx_hal_spi.o(.text.HAL_SPI_RxCpltCallback)
    HAL_SPI_RxHalfCpltCallback               0x0800173b   Thumb Code     2  stm32f0xx_hal_spi.o(.text.HAL_SPI_RxHalfCpltCallback)
    HAL_SPI_TransmitReceive                  0x0800173d   Thumb Code   760  stm32f0xx_hal_spi.o(.text.HAL_SPI_TransmitReceive)
    HAL_SPI_TransmitReceive_DMA              0x08001a39   Thumb Code   416  stm32f0xx_hal_spi.o(.text.HAL_SPI_TransmitReceive_DMA)
    HAL_SPI_TxRxCpltCallback                 0x08001bf1   Thumb Code     2  stm32f0xx_hal_spi.o(.text.HAL_SPI_TxRxCpltCallback)
    HAL_SPI_TxRxHalfCpltCallback             0x08001bf3   Thumb Code     2  stm32f0xx_hal_spi.o(.text.HAL_SPI_TxRxHalfCpltCallback)
    HAL_SYSTICK_Config                       0x08001bf5   Thumb Code    40  stm32f0xx_hal_cortex.o(.text.HAL_SYSTICK_Config)
    HAL_UART_ErrorCallback                   0x08001c29   Thumb Code     2  stm32f0xx_hal_uart.o(.text.HAL_UART_ErrorCallback)
    HAL_UART_Init                            0x08001c2b   Thumb Code   106  stm32f0xx_hal_uart.o(.text.HAL_UART_Init)
    HAL_UART_MspInit                         0x08001c95   Thumb Code   140  stm32f0xx_hal_msp.o(.text.HAL_UART_MspInit)
    HAL_UART_Transmit_DMA                    0x08001d39   Thumb Code   164  stm32f0xx_hal_uart.o(.text.HAL_UART_Transmit_DMA)
    HAL_UART_TxCpltCallback                  0x08001de9   Thumb Code     2  stm32f0xx_hal_uart.o(.text.HAL_UART_TxCpltCallback)
    HAL_UART_TxHalfCpltCallback              0x08001deb   Thumb Code     2  stm32f0xx_hal_uart.o(.text.HAL_UART_TxHalfCpltCallback)
    HardFault_Handler                        0x08001ded   Thumb Code     2  stm32f0xx_it.o(.text.HardFault_Handler)
    NMI_Handler                              0x08002255   Thumb Code     2  stm32f0xx_it.o(.text.NMI_Handler)
    PendSV_Handler                           0x08002257   Thumb Code     2  stm32f0xx_it.o(.text.PendSV_Handler)
    SVC_Handler                              0x08002619   Thumb Code     2  stm32f0xx_it.o(.text.SVC_Handler)
    SysTick_Handler                          0x0800261b   Thumb Code     8  stm32f0xx_it.o(.text.SysTick_Handler)
    SystemInit                               0x08002623   Thumb Code     2  system_stm32f0xx.o(.text.SystemInit)
    UART_AdvFeatureConfig                    0x08002625   Thumb Code   210  stm32f0xx_hal_uart.o(.text.UART_AdvFeatureConfig)
    UART_CheckIdleState                      0x080026f9   Thumb Code   192  stm32f0xx_hal_uart.o(.text.UART_CheckIdleState)
    UART_SetConfig                           0x080028c1   Thumb Code   300  stm32f0xx_hal_uart.o(.text.UART_SetConfig)
    UART_WaitOnFlagUntilTimeout              0x08002a15   Thumb Code   418  stm32f0xx_hal_uart.o(.text.UART_WaitOnFlagUntilTimeout)
    USART1_IRQHandler                        0x08002bb9   Thumb Code   152  main.o(.text.USART1_IRQHandler)
    bus_read                                 0x08002c59   Thumb Code   212  main.o(.text.bus_read)
    bus_write                                0x08002d2d   Thumb Code   212  main.o(.text.bus_write)
    main                                     0x08002e05   Thumb Code  9492  main.o(.text.main)
    motor_init                               0x08005335   Thumb Code     8  motordriver.o(.text.motor_init)
    pwm_init                                 0x0800533d   Thumb Code  1380  motordriver.o(.text.pwm_init)
    pwm_setDutyCycle                         0x080058dd   Thumb Code   140  motordriver.o(.text.pwm_setDutyCycle)
    __aeabi_uidiv                            0x08005971   Thumb Code    68  aeabi_sdivfast.o(.text_divfast)
    __aeabi_idiv                             0x080059b5   Thumb Code   434  aeabi_sdivfast.o(.text_divfast)
    AHBPrescTable                            0x08005b66   Data          16  system_stm32f0xx.o(.rodata.AHBPrescTable)
    APBPrescTable                            0x08005b76   Data           8  system_stm32f0xx.o(.rodata.APBPrescTable)
    OV2640_160x120_JPEG                      0x08005b7e   Data          80  main.o(.rodata.OV2640_160x120_JPEG)
    OV2640_JPEG_INIT                         0x08005bce   Data         382  main.o(.rodata.OV2640_JPEG_INIT)
    Region$$Table$$Base                      0x08005d7c   Number         0  anon$$obj.o(Region$$Table)
    Region$$Table$$Limit                     0x08005d9c   Number         0  anon$$obj.o(Region$$Table)
    uwTickFreq                               0x20000000   Data           1  stm32f0xx_hal.o(.data..L_MergedGlobals)
    uwTickPrio                               0x20000004   Data           4  stm32f0xx_hal.o(.data..L_MergedGlobals)
    SystemCoreClock                          0x20000008   Data           4  system_stm32f0xx.o(.data.SystemCoreClock)
    baudRate                                 0x2000000c   Data           4  main.o(.data.baudRate)
    __libspace_start                         0x20000010   Data          96  libspace.o(.bss)
    __temporary_stack_top$libspace           0x20000070   Data           0  libspace.o(.bss)
    send_OK                                  0x20000070   Data           1  main.o(.bss..L_MergedGlobals)
    rcv_OK                                   0x20000071   Data           1  main.o(.bss..L_MergedGlobals)
    done_rcv                                 0x20000072   Data           1  main.o(.bss..L_MergedGlobals)
    picbuf                                   0x20000074   Data           4  main.o(.bss..L_MergedGlobals)
    wheelSpeed                               0x20000078   Data           4  main.o(.bss..L_MergedGlobals)
    currentWheel                             0x2000007c   Data           4  main.o(.bss..L_MergedGlobals)
    sendlen                                  0x20000080   Data           4  main.o(.bss..L_MergedGlobals)
    tsfr_len                                 0x20000084   Data           4  main.o(.bss..L_MergedGlobals)
    have_rcvd                                0x20000088   Data           4  main.o(.bss..L_MergedGlobals)
    hi2c1                                    0x2000008c   Data          84  main.o(.bss..L_MergedGlobals)
    Buf1                                     0x200000e0   Data        4069  main.o(.bss.Buf1)
    Buf2                                     0x200010c5   Data        4069  main.o(.bss.Buf2)
    hdma_spi2_rx                             0x200020ac   Data          68  main.o(.bss.hdma_spi2_rx)
    hdma_spi2_tx                             0x200020f0   Data          68  main.o(.bss.hdma_spi2_tx)
    hdma_usart3_tx                           0x20002134   Data          68  main.o(.bss.hdma_usart3_tx)
    hspi2                                    0x20002178   Data         100  main.o(.bss.hspi2)
    huart3                                   0x200021dc   Data         136  main.o(.bss.huart3)
    uwTick                                   0x20002264   Data           4  stm32f0xx_hal.o(.bss.uwTick)



==============================================================================

Memory Map of the image

  Image Entry point : 0x080000c1

  Load Region LR_IROM1 (Base: 0x08000000, Size: 0x00005db0, Max: 0x00020000, ABSOLUTE)

    Execution Region ER_IROM1 (Exec base: 0x08000000, Load base: 0x08000000, Size: 0x00005d9c, Max: 0x00020000, ABSOLUTE)

    Exec Addr    Load Addr    Size         Type   Attr      Idx    E Section Name        Object

    0x08000000   0x08000000   0x000000c0   Data   RO            3    RESET               startup_stm32f072xb.o
    0x080000c0   0x080000c0   0x00000008   Code   RO          983  * !!!main             c_p.l(__main.o)
    0x080000c8   0x080000c8   0x0000003c   Code   RO         1160    !!!scatter          c_p.l(__scatter.o)
    0x08000104   0x08000104   0x0000001a   Code   RO         1162    !!handler_copy      c_p.l(__scatter_copy.o)
    0x0800011e   0x0800011e   0x00000002   PAD
    0x08000120   0x08000120   0x0000001c   Code   RO         1164    !!handler_zi        c_p.l(__scatter_zi.o)
    0x0800013c   0x0800013c   0x00000002   Code   RO         1021    .ARM.Collect$$libinit$$00000000  c_p.l(libinit.o)
    0x0800013e   0x0800013e   0x00000000   Code   RO         1035    .ARM.Collect$$libinit$$00000002  c_p.l(libinit2.o)
    0x0800013e   0x0800013e   0x00000000   Code   RO         1037    .ARM.Collect$$libinit$$00000004  c_p.l(libinit2.o)
    0x0800013e   0x0800013e   0x00000000   Code   RO         1039    .ARM.Collect$$libinit$$00000006  c_p.l(libinit2.o)
    0x0800013e   0x0800013e   0x00000000   Code   RO         1042    .ARM.Collect$$libinit$$0000000C  c_p.l(libinit2.o)
    0x0800013e   0x0800013e   0x00000000   Code   RO         1044    .ARM.Collect$$libinit$$0000000E  c_p.l(libinit2.o)
    0x0800013e   0x0800013e   0x00000000   Code   RO         1046    .ARM.Collect$$libinit$$00000010  c_p.l(libinit2.o)
    0x0800013e   0x0800013e   0x00000000   Code   RO         1049    .ARM.Collect$$libinit$$00000013  c_p.l(libinit2.o)
    0x0800013e   0x0800013e   0x00000000   Code   RO         1051    .ARM.Collect$$libinit$$00000015  c_p.l(libinit2.o)
    0x0800013e   0x0800013e   0x00000000   Code   RO         1053    .ARM.Collect$$libinit$$00000017  c_p.l(libinit2.o)
    0x0800013e   0x0800013e   0x00000000   Code   RO         1055    .ARM.Collect$$libinit$$00000019  c_p.l(libinit2.o)
    0x0800013e   0x0800013e   0x00000000   Code   RO         1057    .ARM.Collect$$libinit$$0000001B  c_p.l(libinit2.o)
    0x0800013e   0x0800013e   0x00000000   Code   RO         1059    .ARM.Collect$$libinit$$0000001D  c_p.l(libinit2.o)
    0x0800013e   0x0800013e   0x00000000   Code   RO         1061    .ARM.Collect$$libinit$$0000001F  c_p.l(libinit2.o)
    0x0800013e   0x0800013e   0x00000000   Code   RO         1063    .ARM.Collect$$libinit$$00000021  c_p.l(libinit2.o)
    0x0800013e   0x0800013e   0x00000000   Code   RO         1065    .ARM.Collect$$libinit$$00000023  c_p.l(libinit2.o)
    0x0800013e   0x0800013e   0x00000000   Code   RO         1067    .ARM.Collect$$libinit$$00000025  c_p.l(libinit2.o)
    0x0800013e   0x0800013e   0x00000000   Code   RO         1069    .ARM.Collect$$libinit$$00000027  c_p.l(libinit2.o)
    0x0800013e   0x0800013e   0x00000000   Code   RO         1073    .ARM.Collect$$libinit$$0000002E  c_p.l(libinit2.o)
    0x0800013e   0x0800013e   0x00000000   Code   RO         1075    .ARM.Collect$$libinit$$00000030  c_p.l(libinit2.o)
    0x0800013e   0x0800013e   0x00000000   Code   RO         1077    .ARM.Collect$$libinit$$00000032  c_p.l(libinit2.o)
    0x0800013e   0x0800013e   0x00000000   Code   RO         1079    .ARM.Collect$$libinit$$00000034  c_p.l(libinit2.o)
    0x0800013e   0x0800013e   0x00000002   Code   RO         1080    .ARM.Collect$$libinit$$00000035  c_p.l(libinit2.o)
    0x08000140   0x08000140   0x00000002   Code   RO         1115    .ARM.Collect$$libshutdown$$00000000  c_p.l(libshutdown.o)
    0x08000142   0x08000142   0x00000000   Code   RO         1143    .ARM.Collect$$libshutdown$$00000002  c_p.l(libshutdown2.o)
    0x08000142   0x08000142   0x00000000   Code   RO         1145    .ARM.Collect$$libshutdown$$00000004  c_p.l(libshutdown2.o)
    0x08000142   0x08000142   0x00000000   Code   RO         1148    .ARM.Collect$$libshutdown$$00000007  c_p.l(libshutdown2.o)
    0x08000142   0x08000142   0x00000000   Code   RO         1151    .ARM.Collect$$libshutdown$$0000000A  c_p.l(libshutdown2.o)
    0x08000142   0x08000142   0x00000000   Code   RO         1153    .ARM.Collect$$libshutdown$$0000000C  c_p.l(libshutdown2.o)
    0x08000142   0x08000142   0x00000000   Code   RO         1156    .ARM.Collect$$libshutdown$$0000000F  c_p.l(libshutdown2.o)
    0x08000142   0x08000142   0x00000002   Code   RO         1157    .ARM.Collect$$libshutdown$$00000010  c_p.l(libshutdown2.o)
    0x08000144   0x08000144   0x00000000   Code   RO          985    .ARM.Collect$$rtentry$$00000000  c_p.l(__rtentry.o)
    0x08000144   0x08000144   0x00000000   Code   RO          991    .ARM.Collect$$rtentry$$00000002  c_p.l(__rtentry2.o)
    0x08000144   0x08000144   0x00000006   Code   RO         1003    .ARM.Collect$$rtentry$$00000004  c_p.l(__rtentry4.o)
    0x0800014a   0x0800014a   0x00000000   Code   RO          993    .ARM.Collect$$rtentry$$00000009  c_p.l(__rtentry2.o)
    0x0800014a   0x0800014a   0x00000004   Code   RO          994    .ARM.Collect$$rtentry$$0000000A  c_p.l(__rtentry2.o)
    0x0800014e   0x0800014e   0x00000000   Code   RO          996    .ARM.Collect$$rtentry$$0000000C  c_p.l(__rtentry2.o)
    0x0800014e   0x0800014e   0x00000008   Code   RO          997    .ARM.Collect$$rtentry$$0000000D  c_p.l(__rtentry2.o)
    0x08000156   0x08000156   0x00000002   Code   RO         1026    .ARM.Collect$$rtexit$$00000000  c_p.l(rtexit.o)
    0x08000158   0x08000158   0x00000000   Code   RO         1086    .ARM.Collect$$rtexit$$00000002  c_p.l(rtexit2.o)
    0x08000158   0x08000158   0x00000004   Code   RO         1087    .ARM.Collect$$rtexit$$00000003  c_p.l(rtexit2.o)
    0x0800015c   0x0800015c   0x00000006   Code   RO         1088    .ARM.Collect$$rtexit$$00000004  c_p.l(rtexit2.o)
    0x08000162   0x08000162   0x00000002   PAD
    0x08000164   0x08000164   0x00000038   Code   RO            4    .text               startup_stm32f072xb.o
    0x0800019c   0x0800019c   0x00000040   Code   RO          971    .text               c_p.l(rt_memclr.o)
    0x080001dc   0x080001dc   0x00000006   Code   RO          981    .text               c_p.l(heapauxi.o)
    0x080001e2   0x080001e2   0x0000003e   Code   RO         1007    .text               c_p.l(sys_stackheap_outer.o)
    0x08000220   0x08000220   0x00000010   Code   RO         1010    .text               c_p.l(exit.o)
    0x08000230   0x08000230   0x00000008   Code   RO         1022    .text               c_p.l(libspace.o)
    0x08000238   0x08000238   0x0000000c   Code   RO         1081    .text               c_p.l(sys_exit.o)
    0x08000244   0x08000244   0x00000002   Code   RO         1104    .text               c_p.l(use_no_semi.o)
    0x08000246   0x08000246   0x00000000   Code   RO         1106    .text               c_p.l(indicate_semi.o)
    0x08000246   0x08000246   0x00000002   PAD
    0x08000248   0x08000248   0x0000003c   Code   RO           82    .text.DMA1_Channel2_3_IRQHandler  stm32f0xx_it.o
    0x08000284   0x08000284   0x00000038   Code   RO           84    .text.DMA1_Channel4_5_6_7_IRQHandler  stm32f0xx_it.o
    0x080002bc   0x080002bc   0x00000008   Code   RO           27    .text.Error_Handler  main.o
    0x080002c4   0x080002c4   0x000000c8   Code   RO          474    .text.HAL_DMA_IRQHandler  stm32f0xx_hal_dma.o
    0x0800038c   0x0800038c   0x0000007c   Code   RO          460    .text.HAL_DMA_Init  stm32f0xx_hal_dma.o
    0x08000408   0x08000408   0x00000082   Code   RO          466    .text.HAL_DMA_Start_IT  stm32f0xx_hal_dma.o
    0x0800048a   0x0800048a   0x00000002   PAD
    0x0800048c   0x0800048c   0x00000024   Code   RO          400    .text.HAL_Delay     stm32f0xx_hal.o
    0x080004b0   0x080004b0   0x00000198   Code   RO          436    .text.HAL_GPIO_Init  stm32f0xx_hal_gpio.o
    0x08000648   0x08000648   0x00000010   Code   RO          442    .text.HAL_GPIO_WritePin  stm32f0xx_hal_gpio.o
    0x08000658   0x08000658   0x0000000c   Code   RO          392    .text.HAL_GetTick   stm32f0xx_hal.o
    0x08000664   0x08000664   0x00000042   Code   RO          293    .text.HAL_I2CEx_ConfigAnalogFilter  stm32f0xx_hal_i2c_ex.o
    0x080006a6   0x080006a6   0x00000042   Code   RO          295    .text.HAL_I2CEx_ConfigDigitalFilter  stm32f0xx_hal_i2c_ex.o
    0x080006e8   0x080006e8   0x000000a8   Code   RO          139    .text.HAL_I2C_Init  stm32f0xx_hal_i2c.o
    0x08000790   0x08000790   0x00000188   Code   RO          155    .text.HAL_I2C_Master_Receive  stm32f0xx_hal_i2c.o
    0x08000918   0x08000918   0x0000019c   Code   RO          147    .text.HAL_I2C_Master_Transmit  stm32f0xx_hal_i2c.o
    0x08000ab4   0x08000ab4   0x00000060   Code   RO           95    .text.HAL_I2C_MspInit  stm32f0xx_hal_msp.o
    0x08000b14   0x08000b14   0x00000014   Code   RO          390    .text.HAL_IncTick   stm32f0xx_hal.o
    0x08000b28   0x08000b28   0x0000001c   Code   RO          380    .text.HAL_Init      stm32f0xx_hal.o
    0x08000b44   0x08000b44   0x00000040   Code   RO          382    .text.HAL_InitTick  stm32f0xx_hal.o
    0x08000b84   0x08000b84   0x0000002c   Code   RO           93    .text.HAL_MspInit   stm32f0xx_hal_msp.o
    0x08000bb0   0x08000bb0   0x00000018   Code   RO          494    .text.HAL_NVIC_EnableIRQ  stm32f0xx_hal_cortex.o
    0x08000bc8   0x08000bc8   0x00000038   Code   RO          492    .text.HAL_NVIC_SetPriority  stm32f0xx_hal_cortex.o
    0x08000c00   0x08000c00   0x00000148   Code   RO          348    .text.HAL_RCCEx_PeriphCLKConfig  stm32f0xx_hal_rcc_ex.o
    0x08000d48   0x08000d48   0x00000164   Code   RO          317    .text.HAL_RCC_ClockConfig  stm32f0xx_hal_rcc.o
    0x08000eac   0x08000eac   0x00000008   Code   RO          327    .text.HAL_RCC_GetHCLKFreq  stm32f0xx_hal_rcc.o
    0x08000eb4   0x08000eb4   0x0000001c   Code   RO          329    .text.HAL_RCC_GetPCLK1Freq  stm32f0xx_hal_rcc.o
    0x08000ed0   0x08000ed0   0x00000068   Code   RO          319    .text.HAL_RCC_GetSysClockFreq  stm32f0xx_hal_rcc.o
    0x08000f38   0x08000f38   0x000004a8   Code   RO          315    .text.HAL_RCC_OscConfig  stm32f0xx_hal_rcc.o
    0x080013e0   0x080013e0   0x00000002   Code   RO          747    .text.HAL_SPI_ErrorCallback  stm32f0xx_hal_spi.o
    0x080013e2   0x080013e2   0x00000002   PAD
    0x080013e4   0x080013e4   0x000000f8   Code   RO          663    .text.HAL_SPI_Init  stm32f0xx_hal_spi.o
    0x080014dc   0x080014dc   0x00000110   Code   RO           99    .text.HAL_SPI_MspInit  stm32f0xx_hal_msp.o
    0x080015ec   0x080015ec   0x0000014c   Code   RO          707    .text.HAL_SPI_Receive_DMA  stm32f0xx_hal_spi.o
    0x08001738   0x08001738   0x00000002   Code   RO          751    .text.HAL_SPI_RxCpltCallback  stm32f0xx_hal_spi.o
    0x0800173a   0x0800173a   0x00000002   Code   RO          757    .text.HAL_SPI_RxHalfCpltCallback  stm32f0xx_hal_spi.o
    0x0800173c   0x0800173c   0x000002fc   Code   RO          675    .text.HAL_SPI_TransmitReceive  stm32f0xx_hal_spi.o
    0x08001a38   0x08001a38   0x000001b8   Code   RO          709    .text.HAL_SPI_TransmitReceive_DMA  stm32f0xx_hal_spi.o
    0x08001bf0   0x08001bf0   0x00000002   Code   RO          753    .text.HAL_SPI_TxRxCpltCallback  stm32f0xx_hal_spi.o
    0x08001bf2   0x08001bf2   0x00000002   Code   RO          759    .text.HAL_SPI_TxRxHalfCpltCallback  stm32f0xx_hal_spi.o
    0x08001bf4   0x08001bf4   0x00000034   Code   RO          500    .text.HAL_SYSTICK_Config  stm32f0xx_hal_cortex.o
    0x08001c28   0x08001c28   0x00000002   Code   RO          874    .text.HAL_UART_ErrorCallback  stm32f0xx_hal_uart.o
    0x08001c2a   0x08001c2a   0x0000006a   Code   RO          790    .text.HAL_UART_Init  stm32f0xx_hal_uart.o
    0x08001c94   0x08001c94   0x000000a4   Code   RO          103    .text.HAL_UART_MspInit  stm32f0xx_hal_msp.o
    0x08001d38   0x08001d38   0x000000b0   Code   RO          826    .text.HAL_UART_Transmit_DMA  stm32f0xx_hal_uart.o
    0x08001de8   0x08001de8   0x00000002   Code   RO          878    .text.HAL_UART_TxCpltCallback  stm32f0xx_hal_uart.o
    0x08001dea   0x08001dea   0x00000002   Code   RO          880    .text.HAL_UART_TxHalfCpltCallback  stm32f0xx_hal_uart.o
    0x08001dec   0x08001dec   0x00000002   Code   RO           74    .text.HardFault_Handler  stm32f0xx_it.o
    0x08001dee   0x08001dee   0x00000002   PAD
    0x08001df0   0x08001df0   0x0000017c   Code   RO          283    .text.I2C_IsErrorOccurred  stm32f0xx_hal_i2c.o
    0x08001f6c   0x08001f6c   0x000000de   Code   RO          149    .text.I2C_WaitOnFlagUntilTimeout  stm32f0xx_hal_i2c.o
    0x0800204a   0x0800204a   0x00000002   PAD
    0x0800204c   0x0800204c   0x000000dc   Code   RO          157    .text.I2C_WaitOnRXNEFlagUntilTimeout  stm32f0xx_hal_i2c.o
    0x08002128   0x08002128   0x00000086   Code   RO          153    .text.I2C_WaitOnSTOPFlagUntilTimeout  stm32f0xx_hal_i2c.o
    0x080021ae   0x080021ae   0x000000a6   Code   RO          151    .text.I2C_WaitOnTXISFlagUntilTimeout  stm32f0xx_hal_i2c.o
    0x08002254   0x08002254   0x00000002   Code   RO           72    .text.NMI_Handler   stm32f0xx_it.o
    0x08002256   0x08002256   0x00000002   Code   RO           78    .text.PendSV_Handler  stm32f0xx_it.o
    0x08002258   0x08002258   0x00000022   Code   RO          705    .text.SPI_DMAError  stm32f0xx_hal_spi.o
    0x0800227a   0x0800227a   0x0000000a   Code   RO          711    .text.SPI_DMAHalfReceiveCplt  stm32f0xx_hal_spi.o
    0x08002284   0x08002284   0x0000000a   Code   RO          715    .text.SPI_DMAHalfTransmitReceiveCplt  stm32f0xx_hal_spi.o
    0x0800228e   0x0800228e   0x000000c6   Code   RO          713    .text.SPI_DMAReceiveCplt  stm32f0xx_hal_spi.o
    0x08002354   0x08002354   0x00000092   Code   RO          717    .text.SPI_DMATransmitReceiveCplt  stm32f0xx_hal_spi.o
    0x080023e6   0x080023e6   0x00000002   PAD
    0x080023e8   0x080023e8   0x00000160   Code   RO          725    .text.SPI_WaitFifoStateUntilTimeout  stm32f0xx_hal_spi.o
    0x08002548   0x08002548   0x000000d0   Code   RO          727    .text.SPI_WaitFlagStateUntilTimeout  stm32f0xx_hal_spi.o
    0x08002618   0x08002618   0x00000002   Code   RO           76    .text.SVC_Handler   stm32f0xx_it.o
    0x0800261a   0x0800261a   0x00000008   Code   RO           80    .text.SysTick_Handler  stm32f0xx_it.o
    0x08002622   0x08002622   0x00000002   Code   RO          953    .text.SystemInit    system_stm32f0xx.o
    0x08002624   0x08002624   0x000000d2   Code   RO          796    .text.UART_AdvFeatureConfig  stm32f0xx_hal_uart.o
    0x080026f6   0x080026f6   0x00000002   PAD
    0x080026f8   0x080026f8   0x000000c4   Code   RO          798    .text.UART_CheckIdleState  stm32f0xx_hal_uart.o
    0x080027bc   0x080027bc   0x000000b2   Code   RO          832    .text.UART_DMAError  stm32f0xx_hal_uart.o
    0x0800286e   0x0800286e   0x00000048   Code   RO          828    .text.UART_DMATransmitCplt  stm32f0xx_hal_uart.o
    0x080028b6   0x080028b6   0x0000000a   Code   RO          830    .text.UART_DMATxHalfCplt  stm32f0xx_hal_uart.o
    0x080028c0   0x080028c0   0x00000154   Code   RO          794    .text.UART_SetConfig  stm32f0xx_hal_uart.o
    0x08002a14   0x08002a14   0x000001a2   Code   RO          812    .text.UART_WaitOnFlagUntilTimeout  stm32f0xx_hal_uart.o
    0x08002bb6   0x08002bb6   0x00000002   PAD
    0x08002bb8   0x08002bb8   0x000000a0   Code   RO           17    .text.USART1_IRQHandler  main.o
    0x08002c58   0x08002c58   0x000000d4   Code   RO           31    .text.bus_read      main.o
    0x08002d2c   0x08002d2c   0x000000d8   Code   RO           29    .text.bus_write     main.o
    0x08002e04   0x08002e04   0x00002530   Code   RO           19    .text.main          main.o
    0x08005334   0x08005334   0x00000008   Code   RO          115    .text.motor_init    motordriver.o
    0x0800533c   0x0800533c   0x000005a0   Code   RO          117    .text.pwm_init      motordriver.o
    0x080058dc   0x080058dc   0x00000094   Code   RO          119    .text.pwm_setDutyCycle  motordriver.o
    0x08005970   0x08005970   0x000001f6   Code   RO          974    .text_divfast       c_p.l(aeabi_sdivfast.o)
    0x08005b66   0x08005b66   0x00000010   Data   RO          958    .rodata.AHBPrescTable  system_stm32f0xx.o
    0x08005b76   0x08005b76   0x00000008   Data   RO          959    .rodata.APBPrescTable  system_stm32f0xx.o
    0x08005b7e   0x08005b7e   0x00000050   Data   RO           45    .rodata.OV2640_160x120_JPEG  main.o
    0x08005bce   0x08005bce   0x0000017e   Data   RO           42    .rodata.OV2640_JPEG_INIT  main.o
    0x08005d4c   0x08005d4c   0x00000020   Data   RO          339    .rodata.cst16       stm32f0xx_hal_rcc.o
    0x08005d6c   0x08005d6c   0x00000010   Data   RO          916    .rodata.cst16       stm32f0xx_hal_uart.o
    0x08005d7c   0x08005d7c   0x00000020   Data   RO         1159    Region$$Table       anon$$obj.o


    Execution Region RW_IRAM1 (Exec base: 0x20000000, Load base: 0x08005da0, Size: 0x00002868, Max: 0x00004000, ABSOLUTE)

    Exec Addr    Load Addr    Size         Type   Attr      Idx    E Section Name        Object

    0x20000000   0x08005da0   0x00000008   Data   RW          427    .data..L_MergedGlobals  stm32f0xx_hal.o
    0x20000008   0x08005da8   0x00000004   Data   RW          957    .data.SystemCoreClock  system_stm32f0xx.o
    0x2000000c   0x08005dac   0x00000004   Data   RW           54    .data.baudRate      main.o
    0x20000010        -       0x00000060   Zero   RW         1023    .bss                c_p.l(libspace.o)
    0x20000070        -       0x00000070   Zero   RW           63    .bss..L_MergedGlobals  main.o
    0x200000e0        -       0x00000fe5   Zero   RW           55    .bss.Buf1           main.o
    0x200010c5        -       0x00000fe5   Zero   RW           56    .bss.Buf2           main.o
    0x200020aa   0x08005db0   0x00000002   PAD
    0x200020ac        -       0x00000044   Zero   RW           58    .bss.hdma_spi2_rx   main.o
    0x200020f0        -       0x00000044   Zero   RW           59    .bss.hdma_spi2_tx   main.o
    0x20002134        -       0x00000044   Zero   RW           61    .bss.hdma_usart3_tx  main.o
    0x20002178        -       0x00000064   Zero   RW           57    .bss.hspi2          main.o
    0x200021dc        -       0x00000088   Zero   RW           60    .bss.huart3         main.o
    0x20002264        -       0x00000004   Zero   RW          426    .bss.uwTick         stm32f0xx_hal.o
    0x20002268        -       0x00000200   Zero   RW            2    HEAP                startup_stm32f072xb.o
    0x20002468        -       0x00000400   Zero   RW            1    STACK               startup_stm32f072xb.o


==============================================================================

Image component sizes


      Code (inc. data)   RO Data    RW Data    ZI Data      Debug   Object Name

     10116        152        462          4       8690      31687   main.o
      1596        104          0          0          0       2955   motordriver.o
        56         26        192          0       1536        628   startup_stm32f072xb.o
       160         16          0          8          4       5401   stm32f0xx_hal.o
       132         24          0          0          0       5619   stm32f0xx_hal_cortex.o
       454         12          0          0          0       8122   stm32f0xx_hal_dma.o
       424         16          0          0          0       4958   stm32f0xx_hal_gpio.o
      2094         48          0          0          0      62397   stm32f0xx_hal_i2c.o
       132          0          0          0          0       5339   stm32f0xx_hal_i2c_ex.o
       576         68          0          0          0       8553   stm32f0xx_hal_msp.o
      1688         52         32          0          0       8339   stm32f0xx_hal_rcc.o
       328         12          0          0          0       6688   stm32f0xx_hal_rcc_ex.o
      2752         52          0          0          0      27043   stm32f0xx_hal_spi.o
      1712         76         16          0          0      40847   stm32f0xx_hal_uart.o
       132         28          0          0          0       1986   stm32f0xx_it.o
         2          0         24          4          0       1748   system_stm32f0xx.o

    ----------------------------------------------------------------------
     22368        686        758         16      10232     222310   Object Totals
         0          0         32          0          0          0   (incl. Generated)
        14          0          0          0          2          0   (incl. Padding)

    ----------------------------------------------------------------------

      Code (inc. data)   RO Data    RW Data    ZI Data      Debug   Library Member Name

         8          0          0          0          0         68   __main.o
         0          0          0          0          0          0   __rtentry.o
        12          0          0          0          0          0   __rtentry2.o
         6          0          0          0          0          0   __rtentry4.o
        60          8          0          0          0          0   __scatter.o
        26          0          0          0          0          0   __scatter_copy.o
        28          0          0          0          0          0   __scatter_zi.o
       502          0          0          0          0         92   aeabi_sdivfast.o
        16          0          0          0          0         68   exit.o
         6          0          0          0          0        136   heapauxi.o
         0          0          0          0          0          0   indicate_semi.o
         2          0          0          0          0          0   libinit.o
         2          0          0          0          0          0   libinit2.o
         2          0          0          0          0          0   libshutdown.o
         2          0          0          0          0          0   libshutdown2.o
         8          4          0          0         96         68   libspace.o
        64          0          0          0          0        108   rt_memclr.o
         2          0          0          0          0          0   rtexit.o
        10          0          0          0          0          0   rtexit2.o
        12          4          0          0          0         60   sys_exit.o
        62          0          0          0          0         80   sys_stackheap_outer.o
         2          0          0          0          0         68   use_no_semi.o

    ----------------------------------------------------------------------
       838         16          0          0         96        748   Library Totals
         6          0          0          0          0          0   (incl. Padding)

    ----------------------------------------------------------------------

      Code (inc. data)   RO Data    RW Data    ZI Data      Debug   Library Name

       832         16          0          0         96        748   c_p.l

    ----------------------------------------------------------------------
       838         16          0          0         96        748   Library Totals

    ----------------------------------------------------------------------

==============================================================================


      Code (inc. data)   RO Data    RW Data    ZI Data      Debug   

     23206        702        758         16      10328     222590   Grand Totals
     23206        702        758         16      10328     222590   ELF Image Totals
     23206        702        758         16          0          0   ROM Totals

==============================================================================

    Total RO  Size (Code + RO Data)                23964 (  23.40kB)
    Total RW  Size (RW Data + ZI Data)             10344 (  10.10kB)
    Total ROM Size (Code + RO Data + RW Data)      23980 (  23.42kB)

==============================================================================

